Stage 1: Capturing enterprise observations...
  Captured 18 observations
Stage 1: Capturing enterprise observations...
  Captured 18 observations
Stage 2: Identifying improvement candidates...
  Identified 8 candidates
Stage 3: Assessing potential impacts...
Stage 1: Capturing enterprise observations...
  Captured 18 observations
Stage 2: Identifying improvement candidates...
  Identified 7 candidates
Stage 5: Generating evolution proposals...
Stage 3: Assessing potential impacts...
Stage 3: Assessing potential impacts...
Stage 3: Assessing potential impacts...
Stage 3: Assessing potential impacts...
Stage 3: Assessing potential impacts...
Stage 3: Assessing potential impacts...
Stage 3: Assessing potential impacts...
  Generated 7 proposals
Stage 1: Capturing enterprise observations...
  Captured 18 observations
Stage 2: Identifying improvement candidates...
  Identified 8 candidates
Stage 5: Generating evolution proposals...
Stage 3: Assessing potential impacts...
Stage 3: Assessing potential impacts...
Stage 3: Assessing potential impacts...
Stage 3: Assessing potential impacts...
Stage 3: Assessing potential impacts...
Stage 3: Assessing potential impacts...
Stage 3: Assessing potential impacts...
Stage 3: Assessing potential impacts...
  Generated 8 proposals
Stage 6: Creating ranked recommendation...
  Created recommendation with 8 ranked proposals

≡ƒÜÇ Evolution Engine: Analyzing Enterprise Structure

Stage 1: Capturing enterprise observations...
  Captured 18 observations
Stage 2: Identifying improvement candidates...
  Identified 9 candidates
Stage 3: Assessing potential impacts...
Stage 4: Evaluating feasibility and risks...
Stage 5: Generating evolution proposals...
Stage 3: Assessing potential impacts...
Stage 3: Assessing potential impacts...
Stage 3: Assessing potential impacts...
Stage 3: Assessing potential impacts...
Stage 3: Assessing potential impacts...
Stage 3: Assessing potential impacts...
Stage 3: Assessing potential impacts...
Stage 3: Assessing potential impacts...
Stage 3: Assessing potential impacts...
  Generated 9 proposals
Stage 6: Creating ranked recommendation...
  Created recommendation with 9 ranked proposals
Stage 7: Producing evolution analysis result...

≡ƒÜÇ Evolution Engine: Analyzing Enterprise Structure

Stage 1: Capturing enterprise observations...
  Captured 18 observations
Stage 2: Identifying improvement candidates...
  Identified 8 candidates
Stage 3: Assessing potential impacts...
Stage 4: Evaluating feasibility and risks...
Stage 5: Generating evolution proposals...
Stage 3: Assessing potential impacts...
Stage 3: Assessing potential impacts...
Stage 3: Assessing potential impacts...
Stage 3: Assessing potential impacts...
Stage 3: Assessing potential impacts...
Stage 3: Assessing potential impacts...
Stage 3: Assessing potential impacts...
Stage 3: Assessing potential impacts...
  Generated 8 proposals
Stage 6: Creating ranked recommendation...
  Created recommendation with 8 ranked proposals
Stage 7: Producing evolution analysis result...

≡ƒÜÇ Evolution Engine: Analyzing Enterprise Structure

Stage 1: Capturing enterprise observations...
  Captured 18 observations
Stage 2: Identifying improvement candidates...
  Identified 9 candidates
Stage 3: Assessing potential impacts...
Stage 4: Evaluating feasibility and risks...
Stage 5: Generating evolution proposals...
Stage 3: Assessing potential impacts...
Stage 3: Assessing potential impacts...
Stage 3: Assessing potential impacts...
Stage 3: Assessing potential impacts...
Stage 3: Assessing potential impacts...
Stage 3: Assessing potential impacts...
Stage 3: Assessing potential impacts...
Stage 3: Assessing potential impacts...
Stage 3: Assessing potential impacts...
  Generated 9 proposals
Stage 6: Creating ranked recommendation...
  Created recommendation with 9 ranked proposals
Stage 7: Producing evolution analysis result...
Stage 1: Capturing enterprise observations...
  Captured 18 observations
Stage 1: Capturing enterprise observations...
  Captured 18 observations
Stage 2: Identifying improvement candidates...
  Identified 9 candidates

≡ƒÜÇ Evolution Engine: Analyzing Enterprise Structure

Stage 1: Capturing enterprise observations...
  Captured 18 observations
Stage 2: Identifying improvement candidates...
  Identified 9 candidates
Stage 3: Assessing potential impacts...
Stage 4: Evaluating feasibility and risks...
Stage 5: Generating evolution proposals...
Stage 3: Assessing potential impacts...
Stage 3: Assessing potential impacts...
Stage 3: Assessing potential impacts...
Stage 3: Assessing potential impacts...
Stage 3: Assessing potential impacts...
Stage 3: Assessing potential impacts...
Stage 3: Assessing potential impacts...
Stage 3: Assessing potential impacts...
Stage 3: Assessing potential impacts...
  Generated 9 proposals
Stage 6: Creating ranked recommendation...
  Created recommendation with 9 ranked proposals
Stage 7: Producing evolution analysis result...

≡ƒÜÇ Evolution Engine: Analyzing Enterprise Structure

Stage 1: Capturing enterprise observations...
  Captured 18 observations
Stage 2: Identifying improvement candidates...
  Identified 7 candidates
Stage 3: Assessing potential impacts...
Stage 4: Evaluating feasibility and risks...
Stage 5: Generating evolution proposals...
Stage 3: Assessing potential impacts...
Stage 3: Assessing potential impacts...
Stage 3: Assessing potential impacts...
Stage 3: Assessing potential impacts...
Stage 3: Assessing potential impacts...
Stage 3: Assessing potential impacts...
Stage 3: Assessing potential impacts...
  Generated 7 proposals
Stage 6: Creating ranked recommendation...
  Created recommendation with 7 ranked proposals
Stage 7: Producing evolution analysis result...
Stage 3: Assessing potential impacts...
Stage 3: Assessing potential impacts...

≡ƒÜÇ Evolution Engine: Analyzing Enterprise Structure

Stage 1: Capturing enterprise observations...
  Captured 18 observations
Stage 2: Identifying improvement candidates...
  Identified 7 candidates
Stage 3: Assessing potential impacts...
Stage 4: Evaluating feasibility and risks...
Stage 5: Generating evolution proposals...
Stage 3: Assessing potential impacts...
Stage 3: Assessing potential impacts...
Stage 3: Assessing potential impacts...
Stage 3: Assessing potential impacts...
Stage 3: Assessing potential impacts...
Stage 3: Assessing potential impacts...
Stage 3: Assessing potential impacts...
  Generated 7 proposals
Stage 6: Creating ranked recommendation...
  Created recommendation with 7 ranked proposals
Stage 7: Producing evolution analysis result...

≡ƒÜÇ Evolution Engine: Analyzing Enterprise Structure

Stage 1: Capturing enterprise observations...
  Captured 18 observations
Stage 2: Identifying improvement candidates...
  Identified 7 candidates
Stage 3: Assessing potential impacts...
Stage 4: Evaluating feasibility and risks...
Stage 5: Generating evolution proposals...
Stage 3: Assessing potential impacts...
Stage 3: Assessing potential impacts...
Stage 3: Assessing potential impacts...
Stage 3: Assessing potential impacts...
Stage 3: Assessing potential impacts...
Stage 3: Assessing potential impacts...
Stage 3: Assessing potential impacts...
  Generated 7 proposals
Stage 6: Creating ranked recommendation...
  Created recommendation with 7 ranked proposals
Stage 7: Producing evolution analysis result...

≡ƒÜÇ Evolution Engine: Analyzing Enterprise Structure

Stage 1: Capturing enterprise observations...
  Captured 18 observations
Stage 2: Identifying improvement candidates...
  Identified 7 candidates
Stage 3: Assessing potential impacts...
Stage 4: Evaluating feasibility and risks...
Stage 5: Generating evolution proposals...
Stage 3: Assessing potential impacts...
Stage 3: Assessing potential impacts...
Stage 3: Assessing potential impacts...
Stage 3: Assessing potential impacts...
Stage 3: Assessing potential impacts...
Stage 3: Assessing potential impacts...
Stage 3: Assessing potential impacts...
  Generated 7 proposals
Stage 6: Creating ranked recommendation...
  Created recommendation with 7 ranked proposals
Stage 7: Producing evolution analysis result...
Stage 1: Capturing enterprise observations...
  Captured 18 observations
Stage 2: Identifying improvement candidates...
  Identified 9 candidates
Stage 1: Capturing enterprise observations...
  Captured 18 observations
Stage 2: Identifying improvement candidates...
  Identified 9 candidates
Stage 1: Capturing enterprise observations...
  Captured 18 observations
Stage 2: Identifying improvement candidates...
  Identified 8 candidates
Stage 1: Capturing enterprise observations...
  Captured 18 observations
Stage 2: Identifying improvement candidates...
  Identified 8 candidates

≡ƒºá Learning Engine: Analyzing Execution Outcomes

Stage 1: Capturing observations...
Stage 2: Detecting signals...
Stage 3: Collecting metrics...
Stage 4: Identifying patterns...
Stage 5: Generating hypotheses...
Stage 6: Creating insights...
Stage 7: Generating recommendations...

≡ƒºá Learning Engine: Analyzing Execution Outcomes

Stage 1: Capturing observations...
Stage 2: Detecting signals...
Stage 3: Collecting metrics...
Stage 4: Identifying patterns...
Stage 5: Generating hypotheses...
Stage 6: Creating insights...
Stage 7: Generating recommendations...

≡ƒºá Learning Engine: Analyzing Execution Outcomes

Stage 1: Capturing observations...
Stage 2: Detecting signals...
Stage 3: Collecting metrics...
Stage 4: Identifying patterns...
Stage 5: Generating hypotheses...
Stage 6: Creating insights...
Stage 7: Generating recommendations...

≡ƒºá Learning Engine: Analyzing Execution Outcomes

Stage 1: Capturing observations...
Stage 2: Detecting signals...
Stage 3: Collecting metrics...
Stage 4: Identifying patterns...
Stage 5: Generating hypotheses...
Stage 6: Creating insights...
Stage 7: Generating recommendations...

≡ƒºá Learning Engine: Analyzing Execution Outcomes

Stage 1: Capturing observations...
Stage 2: Detecting signals...
Stage 3: Collecting metrics...
Stage 4: Identifying patterns...
Stage 5: Generating hypotheses...
Stage 6: Creating insights...
Stage 7: Generating recommendations...

≡ƒºá Learning Engine: Analyzing Execution Outcomes

Stage 1: Capturing observations...
Stage 2: Detecting signals...
Stage 3: Collecting metrics...
Stage 4: Identifying patterns...
Stage 5: Generating hypotheses...
Stage 6: Creating insights...
Stage 7: Generating recommendations...

≡ƒºá Learning Engine: Analyzing Execution Outcomes

Stage 1: Capturing observations...
Stage 2: Detecting signals...
Stage 3: Collecting metrics...
Stage 4: Identifying patterns...
Stage 5: Generating hypotheses...
Stage 6: Creating insights...
Stage 7: Generating recommendations...

≡ƒºá Learning Engine: Analyzing Execution Outcomes

Stage 1: Capturing observations...
Stage 2: Detecting signals...
Stage 3: Collecting metrics...
Stage 4: Identifying patterns...
Stage 5: Generating hypotheses...
Stage 6: Creating insights...
Stage 7: Generating recommendations...

≡ƒºá Learning Engine: Analyzing Execution Outcomes

Stage 1: Capturing observations...
Stage 2: Detecting signals...
Stage 3: Collecting metrics...
Stage 4: Identifying patterns...
Stage 5: Generating hypotheses...
Stage 6: Creating insights...
Stage 7: Generating recommendations...

≡ƒÜÇ Genesis Runtime Boot v1 - Starting boot sequence (boot-1783531559124-wmzh4ezh4)...


Γ£ô Stage 1: Manifest Discovery
  Discover all generated manifests from compilation output

Γ£ô Stage 2: Manifest Validation
  Validate all discovered manifests against schemas

Γ£ô Stage 3: Module Registration
  Register discovered modules into runtime registry

Γ£ô Stage 4: Object Registration
  Register discovered objects into runtime registry

Γ£ô Stage 5: Repository Registration
  Register object repositories into runtime registry

Γ£ô Stage 6: Service Registration
  Register object services into runtime registry

Γ£ô Stage 7: API Registration
  Register module APIs into runtime registry

Γ£ô Stage 8: Workflow Registration
  Register module workflows into runtime registry

Γ£ô Stage 9: Automation Registration
  Register module automations into runtime registry

Γ£ô Stage 10: AI Agent Registration
  Register AI agents into runtime registry

Γ£ô Stage 11: Dependency Resolution
  Resolve all module and object dependencies

Γ£ô Stage 12: Runtime Ready
  Verify runtime is ready for operation

Γ£à Boot Completed


ΓòÉΓòÉΓòÉΓòÉΓòÉΓòÉΓòÉΓòÉΓòÉΓòÉΓòÉΓòÉΓòÉΓòÉΓòÉΓòÉΓòÉΓòÉΓòÉΓòÉΓòÉΓòÉΓòÉΓòÉΓòÉΓòÉΓòÉΓòÉΓòÉΓòÉΓòÉΓòÉΓòÉΓòÉΓòÉΓòÉΓòÉΓòÉΓòÉΓòÉΓòÉΓòÉΓòÉΓòÉΓòÉΓòÉΓòÉΓòÉΓòÉΓòÉΓòÉΓòÉΓòÉΓòÉΓòÉΓòÉΓòÉΓòÉΓòÉΓòÉΓòÉΓòÉΓòÉΓòÉΓòÉΓòÉΓòÉΓòÉ
                    GENESIS RUNTIME BOOT SUMMARY
ΓòÉΓòÉΓòÉΓòÉΓòÉΓòÉΓòÉΓòÉΓòÉΓòÉΓòÉΓòÉΓòÉΓòÉΓòÉΓòÉΓòÉΓòÉΓòÉΓòÉΓòÉΓòÉΓòÉΓòÉΓòÉΓòÉΓòÉΓòÉΓòÉΓòÉΓòÉΓòÉΓòÉΓòÉΓòÉΓòÉΓòÉΓòÉΓòÉΓòÉΓòÉΓòÉΓòÉΓòÉΓòÉΓòÉΓòÉΓòÉΓòÉΓòÉΓòÉΓòÉΓòÉΓòÉΓòÉΓòÉΓòÉΓòÉΓòÉΓòÉΓòÉΓòÉΓòÉΓòÉΓòÉΓòÉΓòÉΓòÉ

  Runtime Status: Γ£à READY
  Boot Phase: ready
  Duration: 29ms

  DISCOVERED:
    ΓÇó Modules: 7
    ΓÇó Objects: 0
    ΓÇó APIs: 7
    ΓÇó Workflows: 7
    ΓÇó Automations: 7
    ΓÇó AI Agents: 1
    ΓöÇΓöÇΓöÇΓöÇΓöÇΓöÇΓöÇΓöÇΓöÇΓöÇΓöÇΓöÇΓöÇΓöÇΓöÇ
    Total: 44

  REGISTERED:
    ΓÇó Modules: 7
    ΓÇó Objects: 0
    ΓÇó APIs: 7
    ΓÇó Workflows: 7
    ΓÇó Automations: 7
    ΓÇó AI Agents: 1
    ΓöÇΓöÇΓöÇΓöÇΓöÇΓöÇΓöÇΓöÇΓöÇΓöÇΓöÇΓöÇΓöÇΓöÇΓöÇ
    Total: 29

  DEPENDENCIES:
    ΓÇó Resolved: 0
    ΓÇó Failed: 11

  ERRORS & WARNINGS:
    ΓÇó Errors: 0
    ΓÇó Warnings: 0

ΓòÉΓòÉΓòÉΓòÉΓòÉΓòÉΓòÉΓòÉΓòÉΓòÉΓòÉΓòÉΓòÉΓòÉΓòÉΓòÉΓòÉΓòÉΓòÉΓòÉΓòÉΓòÉΓòÉΓòÉΓòÉΓòÉΓòÉΓòÉΓòÉΓòÉΓòÉΓòÉΓòÉΓòÉΓòÉΓòÉΓòÉΓòÉΓòÉΓòÉΓòÉΓòÉΓòÉΓòÉΓòÉΓòÉΓòÉΓòÉΓòÉΓòÉΓòÉΓòÉΓòÉΓòÉΓòÉΓòÉΓòÉΓòÉΓòÉΓòÉΓòÉΓòÉΓòÉΓòÉΓòÉΓòÉΓòÉΓòÉ


≡ƒÜÇ Genesis Runtime Boot v1 - Starting boot sequence (boot-1783531559154-fuzj2coa2)...


Γ£ô Stage 1: Manifest Discovery
  Discover all generated manifests from compilation output

Γ£ô Stage 2: Manifest Validation
  Validate all discovered manifests against schemas

Γ£ô Stage 3: Module Registration
  Register discovered modules into runtime registry

Γ£ô Stage 4: Object Registration
  Register discovered objects into runtime registry

Γ£ô Stage 5: Repository Registration
  Register object repositories into runtime registry

Γ£ô Stage 6: Service Registration
  Register object services into runtime registry

Γ£ô Stage 7: API Registration
  Register module APIs into runtime registry

Γ£ô Stage 8: Workflow Registration
  Register module workflows into runtime registry

Γ£ô Stage 9: Automation Registration
  Register module automations into runtime registry

Γ£ô Stage 10: AI Agent Registration
  Register AI agents into runtime registry

Γ£ô Stage 11: Dependency Resolution
  Resolve all module and object dependencies

Γ£ô Stage 12: Runtime Ready
  Verify runtime is ready for operation

Γ£à Boot Completed


ΓòÉΓòÉΓòÉΓòÉΓòÉΓòÉΓòÉΓòÉΓòÉΓòÉΓòÉΓòÉΓòÉΓòÉΓòÉΓòÉΓòÉΓòÉΓòÉΓòÉΓòÉΓòÉΓòÉΓòÉΓòÉΓòÉΓòÉΓòÉΓòÉΓòÉΓòÉΓòÉΓòÉΓòÉΓòÉΓòÉΓòÉΓòÉΓòÉΓòÉΓòÉΓòÉΓòÉΓòÉΓòÉΓòÉΓòÉΓòÉΓòÉΓòÉΓòÉΓòÉΓòÉΓòÉΓòÉΓòÉΓòÉΓòÉΓòÉΓòÉΓòÉΓòÉΓòÉΓòÉΓòÉΓòÉΓòÉΓòÉ
                    GENESIS RUNTIME BOOT SUMMARY
ΓòÉΓòÉΓòÉΓòÉΓòÉΓòÉΓòÉΓòÉΓòÉΓòÉΓòÉΓòÉΓòÉΓòÉΓòÉΓòÉΓòÉΓòÉΓòÉΓòÉΓòÉΓòÉΓòÉΓòÉΓòÉΓòÉΓòÉΓòÉΓòÉΓòÉΓòÉΓòÉΓòÉΓòÉΓòÉΓòÉΓòÉΓòÉΓòÉΓòÉΓòÉΓòÉΓòÉΓòÉΓòÉΓòÉΓòÉΓòÉΓòÉΓòÉΓòÉΓòÉΓòÉΓòÉΓòÉΓòÉΓòÉΓòÉΓòÉΓòÉΓòÉΓòÉΓòÉΓòÉΓòÉΓòÉΓòÉΓòÉ

  Runtime Status: Γ£à READY
  Boot Phase: ready
  Duration: 19ms

  DISCOVERED:
    ΓÇó Modules: 7
    ΓÇó Objects: 0
    ΓÇó APIs: 7
    ΓÇó Workflows: 7
    ΓÇó Automations: 7
    ΓÇó AI Agents: 1
    ΓöÇΓöÇΓöÇΓöÇΓöÇΓöÇΓöÇΓöÇΓöÇΓöÇΓöÇΓöÇΓöÇΓöÇΓöÇ
    Total: 44

  REGISTERED:
    ΓÇó Modules: 7
    ΓÇó Objects: 0
    ΓÇó APIs: 7
    ΓÇó Workflows: 7
    ΓÇó Automations: 7
    ΓÇó AI Agents: 1
    ΓöÇΓöÇΓöÇΓöÇΓöÇΓöÇΓöÇΓöÇΓöÇΓöÇΓöÇΓöÇΓöÇΓöÇΓöÇ
    Total: 29

  DEPENDENCIES:
    ΓÇó Resolved: 0
    ΓÇó Failed: 11

  ERRORS & WARNINGS:
    ΓÇó Errors: 0
    ΓÇó Warnings: 0

ΓòÉΓòÉΓòÉΓòÉΓòÉΓòÉΓòÉΓòÉΓòÉΓòÉΓòÉΓòÉΓòÉΓòÉΓòÉΓòÉΓòÉΓòÉΓòÉΓòÉΓòÉΓòÉΓòÉΓòÉΓòÉΓòÉΓòÉΓòÉΓòÉΓòÉΓòÉΓòÉΓòÉΓòÉΓòÉΓòÉΓòÉΓòÉΓòÉΓòÉΓòÉΓòÉΓòÉΓòÉΓòÉΓòÉΓòÉΓòÉΓòÉΓòÉΓòÉΓòÉΓòÉΓòÉΓòÉΓòÉΓòÉΓòÉΓòÉΓòÉΓòÉΓòÉΓòÉΓòÉΓòÉΓòÉΓòÉΓòÉ


≡ƒÜÇ Genesis Runtime Boot v1 - Starting boot sequence (boot-1783531559173-mjrc7rwfg)...


Γ£ô Stage 1: Manifest Discovery
  Discover all generated manifests from compilation output

Γ£ô Stage 2: Manifest Validation
  Validate all discovered manifests against schemas

Γ£ô Stage 3: Module Registration
  Register discovered modules into runtime registry

Γ£ô Stage 4: Object Registration
  Register discovered objects into runtime registry

Γ£ô Stage 5: Repository Registration
  Register object repositories into runtime registry

Γ£ô Stage 6: Service Registration
  Register object services into runtime registry

Γ£ô Stage 7: API Registration
  Register module APIs into runtime registry

Γ£ô Stage 8: Workflow Registration
  Register module workflows into runtime registry

Γ£ô Stage 9: Automation Registration
  Register module automations into runtime registry

Γ£ô Stage 10: AI Agent Registration
  Register AI agents into runtime registry

Γ£ô Stage 11: Dependency Resolution
  Resolve all module and object dependencies

Γ£ô Stage 12: Runtime Ready
  Verify runtime is ready for operation

Γ£à Boot Completed


ΓòÉΓòÉΓòÉΓòÉΓòÉΓòÉΓòÉΓòÉΓòÉΓòÉΓòÉΓòÉΓòÉΓòÉΓòÉΓòÉΓòÉΓòÉΓòÉΓòÉΓòÉΓòÉΓòÉΓòÉΓòÉΓòÉΓòÉΓòÉΓòÉΓòÉΓòÉΓòÉΓòÉΓòÉΓòÉΓòÉΓòÉΓòÉΓòÉΓòÉΓòÉΓòÉΓòÉΓòÉΓòÉΓòÉΓòÉΓòÉΓòÉΓòÉΓòÉΓòÉΓòÉΓòÉΓòÉΓòÉΓòÉΓòÉΓòÉΓòÉΓòÉΓòÉΓòÉΓòÉΓòÉΓòÉΓòÉΓòÉ
                    GENESIS RUNTIME BOOT SUMMARY
ΓòÉΓòÉΓòÉΓòÉΓòÉΓòÉΓòÉΓòÉΓòÉΓòÉΓòÉΓòÉΓòÉΓòÉΓòÉΓòÉΓòÉΓòÉΓòÉΓòÉΓòÉΓòÉΓòÉΓòÉΓòÉΓòÉΓòÉΓòÉΓòÉΓòÉΓòÉΓòÉΓòÉΓòÉΓòÉΓòÉΓòÉΓòÉΓòÉΓòÉΓòÉΓòÉΓòÉΓòÉΓòÉΓòÉΓòÉΓòÉΓòÉΓòÉΓòÉΓòÉΓòÉΓòÉΓòÉΓòÉΓòÉΓòÉΓòÉΓòÉΓòÉΓòÉΓòÉΓòÉΓòÉΓòÉΓòÉΓòÉ

  Runtime Status: Γ£à READY
  Boot Phase: ready
  Duration: 20ms

  DISCOVERED:
    ΓÇó Modules: 7
    ΓÇó Objects: 0
    ΓÇó APIs: 7
    ΓÇó Workflows: 7
    ΓÇó Automations: 7
    ΓÇó AI Agents: 1
    ΓöÇΓöÇΓöÇΓöÇΓöÇΓöÇΓöÇΓöÇΓöÇΓöÇΓöÇΓöÇΓöÇΓöÇΓöÇ
    Total: 44

  REGISTERED:
    ΓÇó Modules: 7
    ΓÇó Objects: 0
    ΓÇó APIs: 7
    ΓÇó Workflows: 7
    ΓÇó Automations: 7
    ΓÇó AI Agents: 1
    ΓöÇΓöÇΓöÇΓöÇΓöÇΓöÇΓöÇΓöÇΓöÇΓöÇΓöÇΓöÇΓöÇΓöÇΓöÇ
    Total: 29

  DEPENDENCIES:
    ΓÇó Resolved: 0
    ΓÇó Failed: 11

  ERRORS & WARNINGS:
    ΓÇó Errors: 0
    ΓÇó Warnings: 0

ΓòÉΓòÉΓòÉΓòÉΓòÉΓòÉΓòÉΓòÉΓòÉΓòÉΓòÉΓòÉΓòÉΓòÉΓòÉΓòÉΓòÉΓòÉΓòÉΓòÉΓòÉΓòÉΓòÉΓòÉΓòÉΓòÉΓòÉΓòÉΓòÉΓòÉΓòÉΓòÉΓòÉΓòÉΓòÉΓòÉΓòÉΓòÉΓòÉΓòÉΓòÉΓòÉΓòÉΓòÉΓòÉΓòÉΓòÉΓòÉΓòÉΓòÉΓòÉΓòÉΓòÉΓòÉΓòÉΓòÉΓòÉΓòÉΓòÉΓòÉΓòÉΓòÉΓòÉΓòÉΓòÉΓòÉΓòÉΓòÉ


≡ƒÜÇ Genesis Runtime Boot v1 - Starting boot sequence (boot-1783531559193-qonq3vyt3)...


Γ£ô Stage 1: Manifest Discovery
  Discover all generated manifests from compilation output

Γ£ô Stage 2: Manifest Validation
  Validate all discovered manifests against schemas

Γ£ô Stage 3: Module Registration
  Register discovered modules into runtime registry

Γ£ô Stage 4: Object Registration
  Register discovered objects into runtime registry

Γ£ô Stage 5: Repository Registration
  Register object repositories into runtime registry

Γ£ô Stage 6: Service Registration
  Register object services into runtime registry

Γ£ô Stage 7: API Registration
  Register module APIs into runtime registry

Γ£ô Stage 8: Workflow Registration
  Register module workflows into runtime registry

Γ£ô Stage 9: Automation Registration
  Register module automations into runtime registry

Γ£ô Stage 10: AI Agent Registration
  Register AI agents into runtime registry

Γ£ô Stage 11: Dependency Resolution
  Resolve all module and object dependencies

Γ£ô Stage 12: Runtime Ready
  Verify runtime is ready for operation

Γ£à Boot Completed


ΓòÉΓòÉΓòÉΓòÉΓòÉΓòÉΓòÉΓòÉΓòÉΓòÉΓòÉΓòÉΓòÉΓòÉΓòÉΓòÉΓòÉΓòÉΓòÉΓòÉΓòÉΓòÉΓòÉΓòÉΓòÉΓòÉΓòÉΓòÉΓòÉΓòÉΓòÉΓòÉΓòÉΓòÉΓòÉΓòÉΓòÉΓòÉΓòÉΓòÉΓòÉΓòÉΓòÉΓòÉΓòÉΓòÉΓòÉΓòÉΓòÉΓòÉΓòÉΓòÉΓòÉΓòÉΓòÉΓòÉΓòÉΓòÉΓòÉΓòÉΓòÉΓòÉΓòÉΓòÉΓòÉΓòÉΓòÉΓòÉ
                    GENESIS RUNTIME BOOT SUMMARY
ΓòÉΓòÉΓòÉΓòÉΓòÉΓòÉΓòÉΓòÉΓòÉΓòÉΓòÉΓòÉΓòÉΓòÉΓòÉΓòÉΓòÉΓòÉΓòÉΓòÉΓòÉΓòÉΓòÉΓòÉΓòÉΓòÉΓòÉΓòÉΓòÉΓòÉΓòÉΓòÉΓòÉΓòÉΓòÉΓòÉΓòÉΓòÉΓòÉΓòÉΓòÉΓòÉΓòÉΓòÉΓòÉΓòÉΓòÉΓòÉΓòÉΓòÉΓòÉΓòÉΓòÉΓòÉΓòÉΓòÉΓòÉΓòÉΓòÉΓòÉΓòÉΓòÉΓòÉΓòÉΓòÉΓòÉΓòÉΓòÉ

  Runtime Status: Γ£à READY
  Boot Phase: ready
  Duration: 20ms

  DISCOVERED:
    ΓÇó Modules: 7
    ΓÇó Objects: 0
    ΓÇó APIs: 7
    ΓÇó Workflows: 7
    ΓÇó Automations: 7
    ΓÇó AI Agents: 1
    ΓöÇΓöÇΓöÇΓöÇΓöÇΓöÇΓöÇΓöÇΓöÇΓöÇΓöÇΓöÇΓöÇΓöÇΓöÇ
    Total: 44

  REGISTERED:
    ΓÇó Modules: 7
    ΓÇó Objects: 0
    ΓÇó APIs: 7
    ΓÇó Workflows: 7
    ΓÇó Automations: 7
    ΓÇó AI Agents: 1
    ΓöÇΓöÇΓöÇΓöÇΓöÇΓöÇΓöÇΓöÇΓöÇΓöÇΓöÇΓöÇΓöÇΓöÇΓöÇ
    Total: 29

  DEPENDENCIES:
    ΓÇó Resolved: 0
    ΓÇó Failed: 11

  ERRORS & WARNINGS:
    ΓÇó Errors: 0
    ΓÇó Warnings: 0

ΓòÉΓòÉΓòÉΓòÉΓòÉΓòÉΓòÉΓòÉΓòÉΓòÉΓòÉΓòÉΓòÉΓòÉΓòÉΓòÉΓòÉΓòÉΓòÉΓòÉΓòÉΓòÉΓòÉΓòÉΓòÉΓòÉΓòÉΓòÉΓòÉΓòÉΓòÉΓòÉΓòÉΓòÉΓòÉΓòÉΓòÉΓòÉΓòÉΓòÉΓòÉΓòÉΓòÉΓòÉΓòÉΓòÉΓòÉΓòÉΓòÉΓòÉΓòÉΓòÉΓòÉΓòÉΓòÉΓòÉΓòÉΓòÉΓòÉΓòÉΓòÉΓòÉΓòÉΓòÉΓòÉΓòÉΓòÉΓòÉ


≡ƒÜÇ Genesis Runtime Boot v1 - Starting boot sequence (boot-1783531559213-d0d1vb5kg)...


Γ£ô Stage 1: Manifest Discovery
  Discover all generated manifests from compilation output

Γ£ô Stage 2: Manifest Validation
  Validate all discovered manifests against schemas

Γ£ô Stage 3: Module Registration
  Register discovered modules into runtime registry

Γ£ô Stage 4: Object Registration
  Register discovered objects into runtime registry

Γ£ô Stage 5: Repository Registration
  Register object repositories into runtime registry

Γ£ô Stage 6: Service Registration
  Register object services into runtime registry

Γ£ô Stage 7: API Registration
  Register module APIs into runtime registry

Γ£ô Stage 8: Workflow Registration
  Register module workflows into runtime registry

Γ£ô Stage 9: Automation Registration
  Register module automations into runtime registry

Γ£ô Stage 10: AI Agent Registration
  Register AI agents into runtime registry

Γ£ô Stage 11: Dependency Resolution
  Resolve all module and object dependencies

Γ£ô Stage 12: Runtime Ready
  Verify runtime is ready for operation

Γ£à Boot Completed


ΓòÉΓòÉΓòÉΓòÉΓòÉΓòÉΓòÉΓòÉΓòÉΓòÉΓòÉΓòÉΓòÉΓòÉΓòÉΓòÉΓòÉΓòÉΓòÉΓòÉΓòÉΓòÉΓòÉΓòÉΓòÉΓòÉΓòÉΓòÉΓòÉΓòÉΓòÉΓòÉΓòÉΓòÉΓòÉΓòÉΓòÉΓòÉΓòÉΓòÉΓòÉΓòÉΓòÉΓòÉΓòÉΓòÉΓòÉΓòÉΓòÉΓòÉΓòÉΓòÉΓòÉΓòÉΓòÉΓòÉΓòÉΓòÉΓòÉΓòÉΓòÉΓòÉΓòÉΓòÉΓòÉΓòÉΓòÉΓòÉ
                    GENESIS RUNTIME BOOT SUMMARY
ΓòÉΓòÉΓòÉΓòÉΓòÉΓòÉΓòÉΓòÉΓòÉΓòÉΓòÉΓòÉΓòÉΓòÉΓòÉΓòÉΓòÉΓòÉΓòÉΓòÉΓòÉΓòÉΓòÉΓòÉΓòÉΓòÉΓòÉΓòÉΓòÉΓòÉΓòÉΓòÉΓòÉΓòÉΓòÉΓòÉΓòÉΓòÉΓòÉΓòÉΓòÉΓòÉΓòÉΓòÉΓòÉΓòÉΓòÉΓòÉΓòÉΓòÉΓòÉΓòÉΓòÉΓòÉΓòÉΓòÉΓòÉΓòÉΓòÉΓòÉΓòÉΓòÉΓòÉΓòÉΓòÉΓòÉΓòÉΓòÉ

  Runtime Status: Γ£à READY
  Boot Phase: ready
  Duration: 20ms

  DISCOVERED:
    ΓÇó Modules: 7
    ΓÇó Objects: 0
    ΓÇó APIs: 7
    ΓÇó Workflows: 7
    ΓÇó Automations: 7
    ΓÇó AI Agents: 1
    ΓöÇΓöÇΓöÇΓöÇΓöÇΓöÇΓöÇΓöÇΓöÇΓöÇΓöÇΓöÇΓöÇΓöÇΓöÇ
    Total: 44

  REGISTERED:
    ΓÇó Modules: 7
    ΓÇó Objects: 0
    ΓÇó APIs: 7
    ΓÇó Workflows: 7
    ΓÇó Automations: 7
    ΓÇó AI Agents: 1
    ΓöÇΓöÇΓöÇΓöÇΓöÇΓöÇΓöÇΓöÇΓöÇΓöÇΓöÇΓöÇΓöÇΓöÇΓöÇ
    Total: 29

  DEPENDENCIES:
    ΓÇó Resolved: 0
    ΓÇó Failed: 11

  ERRORS & WARNINGS:
    ΓÇó Errors: 0
    ΓÇó Warnings: 0

ΓòÉΓòÉΓòÉΓòÉΓòÉΓòÉΓòÉΓòÉΓòÉΓòÉΓòÉΓòÉΓòÉΓòÉΓòÉΓòÉΓòÉΓòÉΓòÉΓòÉΓòÉΓòÉΓòÉΓòÉΓòÉΓòÉΓòÉΓòÉΓòÉΓòÉΓòÉΓòÉΓòÉΓòÉΓòÉΓòÉΓòÉΓòÉΓòÉΓòÉΓòÉΓòÉΓòÉΓòÉΓòÉΓòÉΓòÉΓòÉΓòÉΓòÉΓòÉΓòÉΓòÉΓòÉΓòÉΓòÉΓòÉΓòÉΓòÉΓòÉΓòÉΓòÉΓòÉΓòÉΓòÉΓòÉΓòÉΓòÉ


≡ƒÜÇ Genesis Runtime Boot v1 - Starting boot sequence (boot-1783531559233-yp6hzbfpx)...


Γ£ô Stage 1: Manifest Discovery
  Discover all generated manifests from compilation output

Γ£ô Stage 2: Manifest Validation
  Validate all discovered manifests against schemas

Γ£ô Stage 3: Module Registration
  Register discovered modules into runtime registry

Γ£ô Stage 4: Object Registration
  Register discovered objects into runtime registry

Γ£ô Stage 5: Repository Registration
  Register object repositories into runtime registry

Γ£ô Stage 6: Service Registration
  Register object services into runtime registry

Γ£ô Stage 7: API Registration
  Register module APIs into runtime registry

Γ£ô Stage 8: Workflow Registration
  Register module workflows into runtime registry

Γ£ô Stage 9: Automation Registration
  Register module automations into runtime registry

Γ£ô Stage 10: AI Agent Registration
  Register AI agents into runtime registry

Γ£ô Stage 11: Dependency Resolution
  Resolve all module and object dependencies

Γ£ô Stage 12: Runtime Ready
  Verify runtime is ready for operation

Γ£à Boot Completed


ΓòÉΓòÉΓòÉΓòÉΓòÉΓòÉΓòÉΓòÉΓòÉΓòÉΓòÉΓòÉΓòÉΓòÉΓòÉΓòÉΓòÉΓòÉΓòÉΓòÉΓòÉΓòÉΓòÉΓòÉΓòÉΓòÉΓòÉΓòÉΓòÉΓòÉΓòÉΓòÉΓòÉΓòÉΓòÉΓòÉΓòÉΓòÉΓòÉΓòÉΓòÉΓòÉΓòÉΓòÉΓòÉΓòÉΓòÉΓòÉΓòÉΓòÉΓòÉΓòÉΓòÉΓòÉΓòÉΓòÉΓòÉΓòÉΓòÉΓòÉΓòÉΓòÉΓòÉΓòÉΓòÉΓòÉΓòÉΓòÉ
                    GENESIS RUNTIME BOOT SUMMARY
ΓòÉΓòÉΓòÉΓòÉΓòÉΓòÉΓòÉΓòÉΓòÉΓòÉΓòÉΓòÉΓòÉΓòÉΓòÉΓòÉΓòÉΓòÉΓòÉΓòÉΓòÉΓòÉΓòÉΓòÉΓòÉΓòÉΓòÉΓòÉΓòÉΓòÉΓòÉΓòÉΓòÉΓòÉΓòÉΓòÉΓòÉΓòÉΓòÉΓòÉΓòÉΓòÉΓòÉΓòÉΓòÉΓòÉΓòÉΓòÉΓòÉΓòÉΓòÉΓòÉΓòÉΓòÉΓòÉΓòÉΓòÉΓòÉΓòÉΓòÉΓòÉΓòÉΓòÉΓòÉΓòÉΓòÉΓòÉΓòÉ

  Runtime Status: Γ£à READY
  Boot Phase: ready
  Duration: 19ms

  DISCOVERED:
    ΓÇó Modules: 7
    ΓÇó Objects: 0
    ΓÇó APIs: 7
    ΓÇó Workflows: 7
    ΓÇó Automations: 7
    ΓÇó AI Agents: 1
    ΓöÇΓöÇΓöÇΓöÇΓöÇΓöÇΓöÇΓöÇΓöÇΓöÇΓöÇΓöÇΓöÇΓöÇΓöÇ
    Total: 44

  REGISTERED:
    ΓÇó Modules: 7
    ΓÇó Objects: 0
    ΓÇó APIs: 7
    ΓÇó Workflows: 7
    ΓÇó Automations: 7
    ΓÇó AI Agents: 1
    ΓöÇΓöÇΓöÇΓöÇΓöÇΓöÇΓöÇΓöÇΓöÇΓöÇΓöÇΓöÇΓöÇΓöÇΓöÇ
    Total: 29

  DEPENDENCIES:
    ΓÇó Resolved: 0
    ΓÇó Failed: 11

  ERRORS & WARNINGS:
    ΓÇó Errors: 0
    ΓÇó Warnings: 0

ΓòÉΓòÉΓòÉΓòÉΓòÉΓòÉΓòÉΓòÉΓòÉΓòÉΓòÉΓòÉΓòÉΓòÉΓòÉΓòÉΓòÉΓòÉΓòÉΓòÉΓòÉΓòÉΓòÉΓòÉΓòÉΓòÉΓòÉΓòÉΓòÉΓòÉΓòÉΓòÉΓòÉΓòÉΓòÉΓòÉΓòÉΓòÉΓòÉΓòÉΓòÉΓòÉΓòÉΓòÉΓòÉΓòÉΓòÉΓòÉΓòÉΓòÉΓòÉΓòÉΓòÉΓòÉΓòÉΓòÉΓòÉΓòÉΓòÉΓòÉΓòÉΓòÉΓòÉΓòÉΓòÉΓòÉΓòÉΓòÉ


≡ƒÜÇ Genesis Runtime Boot v1 - Starting boot sequence (boot-1783531559252-5e8jmqq6f)...


Γ£ô Stage 1: Manifest Discovery
  Discover all generated manifests from compilation output

Γ£ô Stage 2: Manifest Validation
  Validate all discovered manifests against schemas

Γ£ô Stage 3: Module Registration
  Register discovered modules into runtime registry

Γ£ô Stage 4: Object Registration
  Register discovered objects into runtime registry

Γ£ô Stage 5: Repository Registration
  Register object repositories into runtime registry

Γ£ô Stage 6: Service Registration
  Register object services into runtime registry

Γ£ô Stage 7: API Registration
  Register module APIs into runtime registry

Γ£ô Stage 8: Workflow Registration
  Register module workflows into runtime registry

Γ£ô Stage 9: Automation Registration
  Register module automations into runtime registry

Γ£ô Stage 10: AI Agent Registration
  Register AI agents into runtime registry

Γ£ô Stage 11: Dependency Resolution
  Resolve all module and object dependencies

Γ£ô Stage 12: Runtime Ready
  Verify runtime is ready for operation

Γ£à Boot Completed


ΓòÉΓòÉΓòÉΓòÉΓòÉΓòÉΓòÉΓòÉΓòÉΓòÉΓòÉΓòÉΓòÉΓòÉΓòÉΓòÉΓòÉΓòÉΓòÉΓòÉΓòÉΓòÉΓòÉΓòÉΓòÉΓòÉΓòÉΓòÉΓòÉΓòÉΓòÉΓòÉΓòÉΓòÉΓòÉΓòÉΓòÉΓòÉΓòÉΓòÉΓòÉΓòÉΓòÉΓòÉΓòÉΓòÉΓòÉΓòÉΓòÉΓòÉΓòÉΓòÉΓòÉΓòÉΓòÉΓòÉΓòÉΓòÉΓòÉΓòÉΓòÉΓòÉΓòÉΓòÉΓòÉΓòÉΓòÉΓòÉ
                    GENESIS RUNTIME BOOT SUMMARY
ΓòÉΓòÉΓòÉΓòÉΓòÉΓòÉΓòÉΓòÉΓòÉΓòÉΓòÉΓòÉΓòÉΓòÉΓòÉΓòÉΓòÉΓòÉΓòÉΓòÉΓòÉΓòÉΓòÉΓòÉΓòÉΓòÉΓòÉΓòÉΓòÉΓòÉΓòÉΓòÉΓòÉΓòÉΓòÉΓòÉΓòÉΓòÉΓòÉΓòÉΓòÉΓòÉΓòÉΓòÉΓòÉΓòÉΓòÉΓòÉΓòÉΓòÉΓòÉΓòÉΓòÉΓòÉΓòÉΓòÉΓòÉΓòÉΓòÉΓòÉΓòÉΓòÉΓòÉΓòÉΓòÉΓòÉΓòÉΓòÉ

  Runtime Status: Γ£à READY
  Boot Phase: ready
  Duration: 20ms

  DISCOVERED:
    ΓÇó Modules: 7
    ΓÇó Objects: 0
    ΓÇó APIs: 7
    ΓÇó Workflows: 7
    ΓÇó Automations: 7
    ΓÇó AI Agents: 1
    ΓöÇΓöÇΓöÇΓöÇΓöÇΓöÇΓöÇΓöÇΓöÇΓöÇΓöÇΓöÇΓöÇΓöÇΓöÇ
    Total: 44

  REGISTERED:
    ΓÇó Modules: 7
    ΓÇó Objects: 0
    ΓÇó APIs: 7
    ΓÇó Workflows: 7
    ΓÇó Automations: 7
    ΓÇó AI Agents: 1
    ΓöÇΓöÇΓöÇΓöÇΓöÇΓöÇΓöÇΓöÇΓöÇΓöÇΓöÇΓöÇΓöÇΓöÇΓöÇ
    Total: 29

  DEPENDENCIES:
    ΓÇó Resolved: 0
    ΓÇó Failed: 11

  ERRORS & WARNINGS:
    ΓÇó Errors: 0
    ΓÇó Warnings: 0

ΓòÉΓòÉΓòÉΓòÉΓòÉΓòÉΓòÉΓòÉΓòÉΓòÉΓòÉΓòÉΓòÉΓòÉΓòÉΓòÉΓòÉΓòÉΓòÉΓòÉΓòÉΓòÉΓòÉΓòÉΓòÉΓòÉΓòÉΓòÉΓòÉΓòÉΓòÉΓòÉΓòÉΓòÉΓòÉΓòÉΓòÉΓòÉΓòÉΓòÉΓòÉΓòÉΓòÉΓòÉΓòÉΓòÉΓòÉΓòÉΓòÉΓòÉΓòÉΓòÉΓòÉΓòÉΓòÉΓòÉΓòÉΓòÉΓòÉΓòÉΓòÉΓòÉΓòÉΓòÉΓòÉΓòÉΓòÉΓòÉ


≡ƒÜÇ Genesis Runtime Boot v1 - Starting boot sequence (boot-1783531559272-qfkvmvfvb)...


Γ£ô Stage 1: Manifest Discovery
  Discover all generated manifests from compilation output

Γ£ô Stage 2: Manifest Validation
  Validate all discovered manifests against schemas

Γ£ô Stage 3: Module Registration
  Register discovered modules into runtime registry

Γ£ô Stage 4: Object Registration
  Register discovered objects into runtime registry

Γ£ô Stage 5: Repository Registration
  Register object repositories into runtime registry

Γ£ô Stage 6: Service Registration
  Register object services into runtime registry

Γ£ô Stage 7: API Registration
  Register module APIs into runtime registry

Γ£ô Stage 8: Workflow Registration
  Register module workflows into runtime registry

Γ£ô Stage 9: Automation Registration
  Register module automations into runtime registry

Γ£ô Stage 10: AI Agent Registration
  Register AI agents into runtime registry

Γ£ô Stage 11: Dependency Resolution
  Resolve all module and object dependencies

Γ£ô Stage 12: Runtime Ready
  Verify runtime is ready for operation

Γ£à Boot Completed


ΓòÉΓòÉΓòÉΓòÉΓòÉΓòÉΓòÉΓòÉΓòÉΓòÉΓòÉΓòÉΓòÉΓòÉΓòÉΓòÉΓòÉΓòÉΓòÉΓòÉΓòÉΓòÉΓòÉΓòÉΓòÉΓòÉΓòÉΓòÉΓòÉΓòÉΓòÉΓòÉΓòÉΓòÉΓòÉΓòÉΓòÉΓòÉΓòÉΓòÉΓòÉΓòÉΓòÉΓòÉΓòÉΓòÉΓòÉΓòÉΓòÉΓòÉΓòÉΓòÉΓòÉΓòÉΓòÉΓòÉΓòÉΓòÉΓòÉΓòÉΓòÉΓòÉΓòÉΓòÉΓòÉΓòÉΓòÉΓòÉ
                    GENESIS RUNTIME BOOT SUMMARY
ΓòÉΓòÉΓòÉΓòÉΓòÉΓòÉΓòÉΓòÉΓòÉΓòÉΓòÉΓòÉΓòÉΓòÉΓòÉΓòÉΓòÉΓòÉΓòÉΓòÉΓòÉΓòÉΓòÉΓòÉΓòÉΓòÉΓòÉΓòÉΓòÉΓòÉΓòÉΓòÉΓòÉΓòÉΓòÉΓòÉΓòÉΓòÉΓòÉΓòÉΓòÉΓòÉΓòÉΓòÉΓòÉΓòÉΓòÉΓòÉΓòÉΓòÉΓòÉΓòÉΓòÉΓòÉΓòÉΓòÉΓòÉΓòÉΓòÉΓòÉΓòÉΓòÉΓòÉΓòÉΓòÉΓòÉΓòÉΓòÉ

  Runtime Status: Γ£à READY
  Boot Phase: ready
  Duration: 25ms

  DISCOVERED:
    ΓÇó Modules: 7
    ΓÇó Objects: 0
    ΓÇó APIs: 7
    ΓÇó Workflows: 7
    ΓÇó Automations: 7
    ΓÇó AI Agents: 1
    ΓöÇΓöÇΓöÇΓöÇΓöÇΓöÇΓöÇΓöÇΓöÇΓöÇΓöÇΓöÇΓöÇΓöÇΓöÇ
    Total: 44

  REGISTERED:
    ΓÇó Modules: 7
    ΓÇó Objects: 0
    ΓÇó APIs: 7
    ΓÇó Workflows: 7
    ΓÇó Automations: 7
    ΓÇó AI Agents: 1
    ΓöÇΓöÇΓöÇΓöÇΓöÇΓöÇΓöÇΓöÇΓöÇΓöÇΓöÇΓöÇΓöÇΓöÇΓöÇ
    Total: 29

  DEPENDENCIES:
    ΓÇó Resolved: 0
    ΓÇó Failed: 11

  ERRORS & WARNINGS:
    ΓÇó Errors: 0
    ΓÇó Warnings: 0

ΓòÉΓòÉΓòÉΓòÉΓòÉΓòÉΓòÉΓòÉΓòÉΓòÉΓòÉΓòÉΓòÉΓòÉΓòÉΓòÉΓòÉΓòÉΓòÉΓòÉΓòÉΓòÉΓòÉΓòÉΓòÉΓòÉΓòÉΓòÉΓòÉΓòÉΓòÉΓòÉΓòÉΓòÉΓòÉΓòÉΓòÉΓòÉΓòÉΓòÉΓòÉΓòÉΓòÉΓòÉΓòÉΓòÉΓòÉΓòÉΓòÉΓòÉΓòÉΓòÉΓòÉΓòÉΓòÉΓòÉΓòÉΓòÉΓòÉΓòÉΓòÉΓòÉΓòÉΓòÉΓòÉΓòÉΓòÉΓòÉ


≡ƒÜÇ Genesis Runtime Boot v1 - Starting boot sequence (boot-1783531559297-hwnfhcdl3)...


Γ£ô Stage 1: Manifest Discovery
  Discover all generated manifests from compilation output

Γ£ô Stage 2: Manifest Validation
  Validate all discovered manifests against schemas

Γ£ô Stage 3: Module Registration
  Register discovered modules into runtime registry

Γ£ô Stage 4: Object Registration
  Register discovered objects into runtime registry

Γ£ô Stage 5: Repository Registration
  Register object repositories into runtime registry

Γ£ô Stage 6: Service Registration
  Register object services into runtime registry

Γ£ô Stage 7: API Registration
  Register module APIs into runtime registry

Γ£ô Stage 8: Workflow Registration
  Register module workflows into runtime registry

Γ£ô Stage 9: Automation Registration
  Register module automations into runtime registry

Γ£ô Stage 10: AI Agent Registration
  Register AI agents into runtime registry

Γ£ô Stage 11: Dependency Resolution
  Resolve all module and object dependencies

Γ£ô Stage 12: Runtime Ready
  Verify runtime is ready for operation

Γ£à Boot Completed


ΓòÉΓòÉΓòÉΓòÉΓòÉΓòÉΓòÉΓòÉΓòÉΓòÉΓòÉΓòÉΓòÉΓòÉΓòÉΓòÉΓòÉΓòÉΓòÉΓòÉΓòÉΓòÉΓòÉΓòÉΓòÉΓòÉΓòÉΓòÉΓòÉΓòÉΓòÉΓòÉΓòÉΓòÉΓòÉΓòÉΓòÉΓòÉΓòÉΓòÉΓòÉΓòÉΓòÉΓòÉΓòÉΓòÉΓòÉΓòÉΓòÉΓòÉΓòÉΓòÉΓòÉΓòÉΓòÉΓòÉΓòÉΓòÉΓòÉΓòÉΓòÉΓòÉΓòÉΓòÉΓòÉΓòÉΓòÉΓòÉ
                    GENESIS RUNTIME BOOT SUMMARY
ΓòÉΓòÉΓòÉΓòÉΓòÉΓòÉΓòÉΓòÉΓòÉΓòÉΓòÉΓòÉΓòÉΓòÉΓòÉΓòÉΓòÉΓòÉΓòÉΓòÉΓòÉΓòÉΓòÉΓòÉΓòÉΓòÉΓòÉΓòÉΓòÉΓòÉΓòÉΓòÉΓòÉΓòÉΓòÉΓòÉΓòÉΓòÉΓòÉΓòÉΓòÉΓòÉΓòÉΓòÉΓòÉΓòÉΓòÉΓòÉΓòÉΓòÉΓòÉΓòÉΓòÉΓòÉΓòÉΓòÉΓòÉΓòÉΓòÉΓòÉΓòÉΓòÉΓòÉΓòÉΓòÉΓòÉΓòÉΓòÉ

  Runtime Status: Γ£à READY
  Boot Phase: ready
  Duration: 21ms

  DISCOVERED:
    ΓÇó Modules: 7
    ΓÇó Objects: 0
    ΓÇó APIs: 7
    ΓÇó Workflows: 7
    ΓÇó Automations: 7
    ΓÇó AI Agents: 1
    ΓöÇΓöÇΓöÇΓöÇΓöÇΓöÇΓöÇΓöÇΓöÇΓöÇΓöÇΓöÇΓöÇΓöÇΓöÇ
    Total: 44

  REGISTERED:
    ΓÇó Modules: 7
    ΓÇó Objects: 0
    ΓÇó APIs: 7
    ΓÇó Workflows: 7
    ΓÇó Automations: 7
    ΓÇó AI Agents: 1
    ΓöÇΓöÇΓöÇΓöÇΓöÇΓöÇΓöÇΓöÇΓöÇΓöÇΓöÇΓöÇΓöÇΓöÇΓöÇ
    Total: 29

  DEPENDENCIES:
    ΓÇó Resolved: 0
    ΓÇó Failed: 11

  ERRORS & WARNINGS:
    ΓÇó Errors: 0
    ΓÇó Warnings: 0

ΓòÉΓòÉΓòÉΓòÉΓòÉΓòÉΓòÉΓòÉΓòÉΓòÉΓòÉΓòÉΓòÉΓòÉΓòÉΓòÉΓòÉΓòÉΓòÉΓòÉΓòÉΓòÉΓòÉΓòÉΓòÉΓòÉΓòÉΓòÉΓòÉΓòÉΓòÉΓòÉΓòÉΓòÉΓòÉΓòÉΓòÉΓòÉΓòÉΓòÉΓòÉΓòÉΓòÉΓòÉΓòÉΓòÉΓòÉΓòÉΓòÉΓòÉΓòÉΓòÉΓòÉΓòÉΓòÉΓòÉΓòÉΓòÉΓòÉΓòÉΓòÉΓòÉΓòÉΓòÉΓòÉΓòÉΓòÉΓòÉ


≡ƒÜÇ Genesis Runtime Boot v1 - Starting boot sequence (boot-1783531559318-gygu323o3)...


Γ£ô Stage 1: Manifest Discovery
  Discover all generated manifests from compilation output

Γ£ô Stage 2: Manifest Validation
  Validate all discovered manifests against schemas

Γ£ô Stage 3: Module Registration
  Register discovered modules into runtime registry

Γ£ô Stage 4: Object Registration
  Register discovered objects into runtime registry

Γ£ô Stage 5: Repository Registration
  Register object repositories into runtime registry

Γ£ô Stage 6: Service Registration
  Register object services into runtime registry

Γ£ô Stage 7: API Registration
  Register module APIs into runtime registry

Γ£ô Stage 8: Workflow Registration
  Register module workflows into runtime registry

Γ£ô Stage 9: Automation Registration
  Register module automations into runtime registry

Γ£ô Stage 10: AI Agent Registration
  Register AI agents into runtime registry

Γ£ô Stage 11: Dependency Resolution
  Resolve all module and object dependencies

Γ£ô Stage 12: Runtime Ready
  Verify runtime is ready for operation

Γ£à Boot Completed


ΓòÉΓòÉΓòÉΓòÉΓòÉΓòÉΓòÉΓòÉΓòÉΓòÉΓòÉΓòÉΓòÉΓòÉΓòÉΓòÉΓòÉΓòÉΓòÉΓòÉΓòÉΓòÉΓòÉΓòÉΓòÉΓòÉΓòÉΓòÉΓòÉΓòÉΓòÉΓòÉΓòÉΓòÉΓòÉΓòÉΓòÉΓòÉΓòÉΓòÉΓòÉΓòÉΓòÉΓòÉΓòÉΓòÉΓòÉΓòÉΓòÉΓòÉΓòÉΓòÉΓòÉΓòÉΓòÉΓòÉΓòÉΓòÉΓòÉΓòÉΓòÉΓòÉΓòÉΓòÉΓòÉΓòÉΓòÉΓòÉ
                    GENESIS RUNTIME BOOT SUMMARY
ΓòÉΓòÉΓòÉΓòÉΓòÉΓòÉΓòÉΓòÉΓòÉΓòÉΓòÉΓòÉΓòÉΓòÉΓòÉΓòÉΓòÉΓòÉΓòÉΓòÉΓòÉΓòÉΓòÉΓòÉΓòÉΓòÉΓòÉΓòÉΓòÉΓòÉΓòÉΓòÉΓòÉΓòÉΓòÉΓòÉΓòÉΓòÉΓòÉΓòÉΓòÉΓòÉΓòÉΓòÉΓòÉΓòÉΓòÉΓòÉΓòÉΓòÉΓòÉΓòÉΓòÉΓòÉΓòÉΓòÉΓòÉΓòÉΓòÉΓòÉΓòÉΓòÉΓòÉΓòÉΓòÉΓòÉΓòÉΓòÉ

  Runtime Status: Γ£à READY
  Boot Phase: ready
  Duration: 26ms

  DISCOVERED:
    ΓÇó Modules: 7
    ΓÇó Objects: 0
    ΓÇó APIs: 7
    ΓÇó Workflows: 7
    ΓÇó Automations: 7
    ΓÇó AI Agents: 1
    ΓöÇΓöÇΓöÇΓöÇΓöÇΓöÇΓöÇΓöÇΓöÇΓöÇΓöÇΓöÇΓöÇΓöÇΓöÇ
    Total: 44

  REGISTERED:
    ΓÇó Modules: 7
    ΓÇó Objects: 0
    ΓÇó APIs: 7
    ΓÇó Workflows: 7
    ΓÇó Automations: 7
    ΓÇó AI Agents: 1
    ΓöÇΓöÇΓöÇΓöÇΓöÇΓöÇΓöÇΓöÇΓöÇΓöÇΓöÇΓöÇΓöÇΓöÇΓöÇ
    Total: 29

  DEPENDENCIES:
    ΓÇó Resolved: 0
    ΓÇó Failed: 11

  ERRORS & WARNINGS:
    ΓÇó Errors: 0
    ΓÇó Warnings: 0

ΓòÉΓòÉΓòÉΓòÉΓòÉΓòÉΓòÉΓòÉΓòÉΓòÉΓòÉΓòÉΓòÉΓòÉΓòÉΓòÉΓòÉΓòÉΓòÉΓòÉΓòÉΓòÉΓòÉΓòÉΓòÉΓòÉΓòÉΓòÉΓòÉΓòÉΓòÉΓòÉΓòÉΓòÉΓòÉΓòÉΓòÉΓòÉΓòÉΓòÉΓòÉΓòÉΓòÉΓòÉΓòÉΓòÉΓòÉΓòÉΓòÉΓòÉΓòÉΓòÉΓòÉΓòÉΓòÉΓòÉΓòÉΓòÉΓòÉΓòÉΓòÉΓòÉΓòÉΓòÉΓòÉΓòÉΓòÉΓòÉ


≡ƒÜÇ Genesis Runtime Boot v1 - Starting boot sequence (boot-1783531559344-nexno1lo4)...


Γ£ô Stage 1: Manifest Discovery
  Discover all generated manifests from compilation output

Γ£ô Stage 2: Manifest Validation
  Validate all discovered manifests against schemas

Γ£ô Stage 3: Module Registration
  Register discovered modules into runtime registry

Γ£ô Stage 4: Object Registration
  Register discovered objects into runtime registry

Γ£ô Stage 5: Repository Registration
  Register object repositories into runtime registry

Γ£ô Stage 6: Service Registration
  Register object services into runtime registry

Γ£ô Stage 7: API Registration
  Register module APIs into runtime registry

Γ£ô Stage 8: Workflow Registration
  Register module workflows into runtime registry

Γ£ô Stage 9: Automation Registration
  Register module automations into runtime registry

Γ£ô Stage 10: AI Agent Registration
  Register AI agents into runtime registry

Γ£ô Stage 11: Dependency Resolution
  Resolve all module and object dependencies

Γ£ô Stage 12: Runtime Ready
  Verify runtime is ready for operation

Γ£à Boot Completed


ΓòÉΓòÉΓòÉΓòÉΓòÉΓòÉΓòÉΓòÉΓòÉΓòÉΓòÉΓòÉΓòÉΓòÉΓòÉΓòÉΓòÉΓòÉΓòÉΓòÉΓòÉΓòÉΓòÉΓòÉΓòÉΓòÉΓòÉΓòÉΓòÉΓòÉΓòÉΓòÉΓòÉΓòÉΓòÉΓòÉΓòÉΓòÉΓòÉΓòÉΓòÉΓòÉΓòÉΓòÉΓòÉΓòÉΓòÉΓòÉΓòÉΓòÉΓòÉΓòÉΓòÉΓòÉΓòÉΓòÉΓòÉΓòÉΓòÉΓòÉΓòÉΓòÉΓòÉΓòÉΓòÉΓòÉΓòÉΓòÉ
                    GENESIS RUNTIME BOOT SUMMARY
ΓòÉΓòÉΓòÉΓòÉΓòÉΓòÉΓòÉΓòÉΓòÉΓòÉΓòÉΓòÉΓòÉΓòÉΓòÉΓòÉΓòÉΓòÉΓòÉΓòÉΓòÉΓòÉΓòÉΓòÉΓòÉΓòÉΓòÉΓòÉΓòÉΓòÉΓòÉΓòÉΓòÉΓòÉΓòÉΓòÉΓòÉΓòÉΓòÉΓòÉΓòÉΓòÉΓòÉΓòÉΓòÉΓòÉΓòÉΓòÉΓòÉΓòÉΓòÉΓòÉΓòÉΓòÉΓòÉΓòÉΓòÉΓòÉΓòÉΓòÉΓòÉΓòÉΓòÉΓòÉΓòÉΓòÉΓòÉΓòÉ

  Runtime Status: Γ£à READY
  Boot Phase: ready
  Duration: 36ms

  DISCOVERED:
    ΓÇó Modules: 7
    ΓÇó Objects: 0
    ΓÇó APIs: 7
    ΓÇó Workflows: 7
    ΓÇó Automations: 7
    ΓÇó AI Agents: 1
    ΓöÇΓöÇΓöÇΓöÇΓöÇΓöÇΓöÇΓöÇΓöÇΓöÇΓöÇΓöÇΓöÇΓöÇΓöÇ
    Total: 44

  REGISTERED:
    ΓÇó Modules: 7
    ΓÇó Objects: 0
    ΓÇó APIs: 7
    ΓÇó Workflows: 7
    ΓÇó Automations: 7
    ΓÇó AI Agents: 1
    ΓöÇΓöÇΓöÇΓöÇΓöÇΓöÇΓöÇΓöÇΓöÇΓöÇΓöÇΓöÇΓöÇΓöÇΓöÇ
    Total: 29

  DEPENDENCIES:
    ΓÇó Resolved: 0
    ΓÇó Failed: 11

  ERRORS & WARNINGS:
    ΓÇó Errors: 0
    ΓÇó Warnings: 0

ΓòÉΓòÉΓòÉΓòÉΓòÉΓòÉΓòÉΓòÉΓòÉΓòÉΓòÉΓòÉΓòÉΓòÉΓòÉΓòÉΓòÉΓòÉΓòÉΓòÉΓòÉΓòÉΓòÉΓòÉΓòÉΓòÉΓòÉΓòÉΓòÉΓòÉΓòÉΓòÉΓòÉΓòÉΓòÉΓòÉΓòÉΓòÉΓòÉΓòÉΓòÉΓòÉΓòÉΓòÉΓòÉΓòÉΓòÉΓòÉΓòÉΓòÉΓòÉΓòÉΓòÉΓòÉΓòÉΓòÉΓòÉΓòÉΓòÉΓòÉΓòÉΓòÉΓòÉΓòÉΓòÉΓòÉΓòÉΓòÉ


≡ƒÜÇ Genesis Runtime Boot v1 - Starting boot sequence (boot-1783531559380-fei49uihk)...


Γ£ô Stage 1: Manifest Discovery
  Discover all generated manifests from compilation output

Γ£ô Stage 2: Manifest Validation
  Validate all discovered manifests against schemas

Γ£ô Stage 3: Module Registration
  Register discovered modules into runtime registry

Γ£ô Stage 4: Object Registration
  Register discovered objects into runtime registry

Γ£ô Stage 5: Repository Registration
  Register object repositories into runtime registry

Γ£ô Stage 6: Service Registration
  Register object services into runtime registry

Γ£ô Stage 7: API Registration
  Register module APIs into runtime registry

Γ£ô Stage 8: Workflow Registration
  Register module workflows into runtime registry

Γ£ô Stage 9: Automation Registration
  Register module automations into runtime registry

Γ£ô Stage 10: AI Agent Registration
  Register AI agents into runtime registry

Γ£ô Stage 11: Dependency Resolution
  Resolve all module and object dependencies

Γ£ô Stage 12: Runtime Ready
  Verify runtime is ready for operation

Γ£à Boot Completed


ΓòÉΓòÉΓòÉΓòÉΓòÉΓòÉΓòÉΓòÉΓòÉΓòÉΓòÉΓòÉΓòÉΓòÉΓòÉΓòÉΓòÉΓòÉΓòÉΓòÉΓòÉΓòÉΓòÉΓòÉΓòÉΓòÉΓòÉΓòÉΓòÉΓòÉΓòÉΓòÉΓòÉΓòÉΓòÉΓòÉΓòÉΓòÉΓòÉΓòÉΓòÉΓòÉΓòÉΓòÉΓòÉΓòÉΓòÉΓòÉΓòÉΓòÉΓòÉΓòÉΓòÉΓòÉΓòÉΓòÉΓòÉΓòÉΓòÉΓòÉΓòÉΓòÉΓòÉΓòÉΓòÉΓòÉΓòÉΓòÉ
                    GENESIS RUNTIME BOOT SUMMARY
ΓòÉΓòÉΓòÉΓòÉΓòÉΓòÉΓòÉΓòÉΓòÉΓòÉΓòÉΓòÉΓòÉΓòÉΓòÉΓòÉΓòÉΓòÉΓòÉΓòÉΓòÉΓòÉΓòÉΓòÉΓòÉΓòÉΓòÉΓòÉΓòÉΓòÉΓòÉΓòÉΓòÉΓòÉΓòÉΓòÉΓòÉΓòÉΓòÉΓòÉΓòÉΓòÉΓòÉΓòÉΓòÉΓòÉΓòÉΓòÉΓòÉΓòÉΓòÉΓòÉΓòÉΓòÉΓòÉΓòÉΓòÉΓòÉΓòÉΓòÉΓòÉΓòÉΓòÉΓòÉΓòÉΓòÉΓòÉΓòÉ

  Runtime Status: Γ£à READY
  Boot Phase: ready
  Duration: 23ms

  DISCOVERED:
    ΓÇó Modules: 7
    ΓÇó Objects: 0
    ΓÇó APIs: 7
    ΓÇó Workflows: 7
    ΓÇó Automations: 7
    ΓÇó AI Agents: 1
    ΓöÇΓöÇΓöÇΓöÇΓöÇΓöÇΓöÇΓöÇΓöÇΓöÇΓöÇΓöÇΓöÇΓöÇΓöÇ
    Total: 44

  REGISTERED:
    ΓÇó Modules: 7
    ΓÇó Objects: 0
    ΓÇó APIs: 7
    ΓÇó Workflows: 7
    ΓÇó Automations: 7
    ΓÇó AI Agents: 1
    ΓöÇΓöÇΓöÇΓöÇΓöÇΓöÇΓöÇΓöÇΓöÇΓöÇΓöÇΓöÇΓöÇΓöÇΓöÇ
    Total: 29

  DEPENDENCIES:
    ΓÇó Resolved: 0
    ΓÇó Failed: 11

  ERRORS & WARNINGS:
    ΓÇó Errors: 0
    ΓÇó Warnings: 0

ΓòÉΓòÉΓòÉΓòÉΓòÉΓòÉΓòÉΓòÉΓòÉΓòÉΓòÉΓòÉΓòÉΓòÉΓòÉΓòÉΓòÉΓòÉΓòÉΓòÉΓòÉΓòÉΓòÉΓòÉΓòÉΓòÉΓòÉΓòÉΓòÉΓòÉΓòÉΓòÉΓòÉΓòÉΓòÉΓòÉΓòÉΓòÉΓòÉΓòÉΓòÉΓòÉΓòÉΓòÉΓòÉΓòÉΓòÉΓòÉΓòÉΓòÉΓòÉΓòÉΓòÉΓòÉΓòÉΓòÉΓòÉΓòÉΓòÉΓòÉΓòÉΓòÉΓòÉΓòÉΓòÉΓòÉΓòÉΓòÉ


≡ƒÜÇ Genesis Runtime Boot v1 - Starting boot sequence (boot-1783531559403-ge7829cgy)...


Γ£ô Stage 1: Manifest Discovery
  Discover all generated manifests from compilation output

Γ£ô Stage 2: Manifest Validation
  Validate all discovered manifests against schemas

Γ£ô Stage 3: Module Registration
  Register discovered modules into runtime registry

Γ£ô Stage 4: Object Registration
  Register discovered objects into runtime registry

Γ£ô Stage 5: Repository Registration
  Register object repositories into runtime registry

Γ£ô Stage 6: Service Registration
  Register object services into runtime registry

Γ£ô Stage 7: API Registration
  Register module APIs into runtime registry

Γ£ô Stage 8: Workflow Registration
  Register module workflows into runtime registry

Γ£ô Stage 9: Automation Registration
  Register module automations into runtime registry

Γ£ô Stage 10: AI Agent Registration
  Register AI agents into runtime registry

Γ£ô Stage 11: Dependency Resolution
  Resolve all module and object dependencies

Γ£ô Stage 12: Runtime Ready
  Verify runtime is ready for operation

Γ£à Boot Completed


ΓòÉΓòÉΓòÉΓòÉΓòÉΓòÉΓòÉΓòÉΓòÉΓòÉΓòÉΓòÉΓòÉΓòÉΓòÉΓòÉΓòÉΓòÉΓòÉΓòÉΓòÉΓòÉΓòÉΓòÉΓòÉΓòÉΓòÉΓòÉΓòÉΓòÉΓòÉΓòÉΓòÉΓòÉΓòÉΓòÉΓòÉΓòÉΓòÉΓòÉΓòÉΓòÉΓòÉΓòÉΓòÉΓòÉΓòÉΓòÉΓòÉΓòÉΓòÉΓòÉΓòÉΓòÉΓòÉΓòÉΓòÉΓòÉΓòÉΓòÉΓòÉΓòÉΓòÉΓòÉΓòÉΓòÉΓòÉΓòÉ
                    GENESIS RUNTIME BOOT SUMMARY
ΓòÉΓòÉΓòÉΓòÉΓòÉΓòÉΓòÉΓòÉΓòÉΓòÉΓòÉΓòÉΓòÉΓòÉΓòÉΓòÉΓòÉΓòÉΓòÉΓòÉΓòÉΓòÉΓòÉΓòÉΓòÉΓòÉΓòÉΓòÉΓòÉΓòÉΓòÉΓòÉΓòÉΓòÉΓòÉΓòÉΓòÉΓòÉΓòÉΓòÉΓòÉΓòÉΓòÉΓòÉΓòÉΓòÉΓòÉΓòÉΓòÉΓòÉΓòÉΓòÉΓòÉΓòÉΓòÉΓòÉΓòÉΓòÉΓòÉΓòÉΓòÉΓòÉΓòÉΓòÉΓòÉΓòÉΓòÉΓòÉ

  Runtime Status: Γ£à READY
  Boot Phase: ready
  Duration: 27ms

  DISCOVERED:
    ΓÇó Modules: 7
    ΓÇó Objects: 0
    ΓÇó APIs: 7
    ΓÇó Workflows: 7
    ΓÇó Automations: 7
    ΓÇó AI Agents: 1
    ΓöÇΓöÇΓöÇΓöÇΓöÇΓöÇΓöÇΓöÇΓöÇΓöÇΓöÇΓöÇΓöÇΓöÇΓöÇ
    Total: 44

  REGISTERED:
    ΓÇó Modules: 7
    ΓÇó Objects: 0
    ΓÇó APIs: 7
    ΓÇó Workflows: 7
    ΓÇó Automations: 7
    ΓÇó AI Agents: 1
    ΓöÇΓöÇΓöÇΓöÇΓöÇΓöÇΓöÇΓöÇΓöÇΓöÇΓöÇΓöÇΓöÇΓöÇΓöÇ
    Total: 29

  DEPENDENCIES:
    ΓÇó Resolved: 0
    ΓÇó Failed: 11

  ERRORS & WARNINGS:
    ΓÇó Errors: 0
    ΓÇó Warnings: 0

ΓòÉΓòÉΓòÉΓòÉΓòÉΓòÉΓòÉΓòÉΓòÉΓòÉΓòÉΓòÉΓòÉΓòÉΓòÉΓòÉΓòÉΓòÉΓòÉΓòÉΓòÉΓòÉΓòÉΓòÉΓòÉΓòÉΓòÉΓòÉΓòÉΓòÉΓòÉΓòÉΓòÉΓòÉΓòÉΓòÉΓòÉΓòÉΓòÉΓòÉΓòÉΓòÉΓòÉΓòÉΓòÉΓòÉΓòÉΓòÉΓòÉΓòÉΓòÉΓòÉΓòÉΓòÉΓòÉΓòÉΓòÉΓòÉΓòÉΓòÉΓòÉΓòÉΓòÉΓòÉΓòÉΓòÉΓòÉΓòÉ


≡ƒÜÇ Genesis Runtime Boot v1 - Starting boot sequence (boot-1783531559430-4kzv0vsdg)...


Γ£ô Stage 1: Manifest Discovery
  Discover all generated manifests from compilation output

Γ£ô Stage 2: Manifest Validation
  Validate all discovered manifests against schemas

Γ£ô Stage 3: Module Registration
  Register discovered modules into runtime registry

Γ£ô Stage 4: Object Registration
  Register discovered objects into runtime registry

Γ£ô Stage 5: Repository Registration
  Register object repositories into runtime registry

Γ£ô Stage 6: Service Registration
  Register object services into runtime registry

Γ£ô Stage 7: API Registration
  Register module APIs into runtime registry

Γ£ô Stage 8: Workflow Registration
  Register module workflows into runtime registry

Γ£ô Stage 9: Automation Registration
  Register module automations into runtime registry

Γ£ô Stage 10: AI Agent Registration
  Register AI agents into runtime registry

Γ£ô Stage 11: Dependency Resolution
  Resolve all module and object dependencies

Γ£ô Stage 12: Runtime Ready
  Verify runtime is ready for operation

Γ£à Boot Completed


ΓòÉΓòÉΓòÉΓòÉΓòÉΓòÉΓòÉΓòÉΓòÉΓòÉΓòÉΓòÉΓòÉΓòÉΓòÉΓòÉΓòÉΓòÉΓòÉΓòÉΓòÉΓòÉΓòÉΓòÉΓòÉΓòÉΓòÉΓòÉΓòÉΓòÉΓòÉΓòÉΓòÉΓòÉΓòÉΓòÉΓòÉΓòÉΓòÉΓòÉΓòÉΓòÉΓòÉΓòÉΓòÉΓòÉΓòÉΓòÉΓòÉΓòÉΓòÉΓòÉΓòÉΓòÉΓòÉΓòÉΓòÉΓòÉΓòÉΓòÉΓòÉΓòÉΓòÉΓòÉΓòÉΓòÉΓòÉΓòÉ
                    GENESIS RUNTIME BOOT SUMMARY
ΓòÉΓòÉΓòÉΓòÉΓòÉΓòÉΓòÉΓòÉΓòÉΓòÉΓòÉΓòÉΓòÉΓòÉΓòÉΓòÉΓòÉΓòÉΓòÉΓòÉΓòÉΓòÉΓòÉΓòÉΓòÉΓòÉΓòÉΓòÉΓòÉΓòÉΓòÉΓòÉΓòÉΓòÉΓòÉΓòÉΓòÉΓòÉΓòÉΓòÉΓòÉΓòÉΓòÉΓòÉΓòÉΓòÉΓòÉΓòÉΓòÉΓòÉΓòÉΓòÉΓòÉΓòÉΓòÉΓòÉΓòÉΓòÉΓòÉΓòÉΓòÉΓòÉΓòÉΓòÉΓòÉΓòÉΓòÉΓòÉ

  Runtime Status: Γ£à READY
  Boot Phase: ready
  Duration: 20ms

  DISCOVERED:
    ΓÇó Modules: 7
    ΓÇó Objects: 0
    ΓÇó APIs: 7
    ΓÇó Workflows: 7
    ΓÇó Automations: 7
    ΓÇó AI Agents: 1
    ΓöÇΓöÇΓöÇΓöÇΓöÇΓöÇΓöÇΓöÇΓöÇΓöÇΓöÇΓöÇΓöÇΓöÇΓöÇ
    Total: 44

  REGISTERED:
    ΓÇó Modules: 7
    ΓÇó Objects: 0
    ΓÇó APIs: 7
    ΓÇó Workflows: 7
    ΓÇó Automations: 7
    ΓÇó AI Agents: 1
    ΓöÇΓöÇΓöÇΓöÇΓöÇΓöÇΓöÇΓöÇΓöÇΓöÇΓöÇΓöÇΓöÇΓöÇΓöÇ
    Total: 29

  DEPENDENCIES:
    ΓÇó Resolved: 0
    ΓÇó Failed: 11

  ERRORS & WARNINGS:
    ΓÇó Errors: 0
    ΓÇó Warnings: 0

ΓòÉΓòÉΓòÉΓòÉΓòÉΓòÉΓòÉΓòÉΓòÉΓòÉΓòÉΓòÉΓòÉΓòÉΓòÉΓòÉΓòÉΓòÉΓòÉΓòÉΓòÉΓòÉΓòÉΓòÉΓòÉΓòÉΓòÉΓòÉΓòÉΓòÉΓòÉΓòÉΓòÉΓòÉΓòÉΓòÉΓòÉΓòÉΓòÉΓòÉΓòÉΓòÉΓòÉΓòÉΓòÉΓòÉΓòÉΓòÉΓòÉΓòÉΓòÉΓòÉΓòÉΓòÉΓòÉΓòÉΓòÉΓòÉΓòÉΓòÉΓòÉΓòÉΓòÉΓòÉΓòÉΓòÉΓòÉΓòÉ


≡ƒÜÇ Genesis Runtime Boot v1 - Starting boot sequence (boot-1783531559450-a33ydswj2)...


Γ£ô Stage 1: Manifest Discovery
  Discover all generated manifests from compilation output

Γ£ô Stage 2: Manifest Validation
  Validate all discovered manifests against schemas

Γ£ô Stage 3: Module Registration
  Register discovered modules into runtime registry

Γ£ô Stage 4: Object Registration
  Register discovered objects into runtime registry

Γ£ô Stage 5: Repository Registration
  Register object repositories into runtime registry

Γ£ô Stage 6: Service Registration
  Register object services into runtime registry

Γ£ô Stage 7: API Registration
  Register module APIs into runtime registry

Γ£ô Stage 8: Workflow Registration
  Register module workflows into runtime registry

Γ£ô Stage 9: Automation Registration
  Register module automations into runtime registry

Γ£ô Stage 10: AI Agent Registration
  Register AI agents into runtime registry

Γ£ô Stage 11: Dependency Resolution
  Resolve all module and object dependencies

Γ£ô Stage 12: Runtime Ready
  Verify runtime is ready for operation

Γ£à Boot Completed


ΓòÉΓòÉΓòÉΓòÉΓòÉΓòÉΓòÉΓòÉΓòÉΓòÉΓòÉΓòÉΓòÉΓòÉΓòÉΓòÉΓòÉΓòÉΓòÉΓòÉΓòÉΓòÉΓòÉΓòÉΓòÉΓòÉΓòÉΓòÉΓòÉΓòÉΓòÉΓòÉΓòÉΓòÉΓòÉΓòÉΓòÉΓòÉΓòÉΓòÉΓòÉΓòÉΓòÉΓòÉΓòÉΓòÉΓòÉΓòÉΓòÉΓòÉΓòÉΓòÉΓòÉΓòÉΓòÉΓòÉΓòÉΓòÉΓòÉΓòÉΓòÉΓòÉΓòÉΓòÉΓòÉΓòÉΓòÉΓòÉ
                    GENESIS RUNTIME BOOT SUMMARY
ΓòÉΓòÉΓòÉΓòÉΓòÉΓòÉΓòÉΓòÉΓòÉΓòÉΓòÉΓòÉΓòÉΓòÉΓòÉΓòÉΓòÉΓòÉΓòÉΓòÉΓòÉΓòÉΓòÉΓòÉΓòÉΓòÉΓòÉΓòÉΓòÉΓòÉΓòÉΓòÉΓòÉΓòÉΓòÉΓòÉΓòÉΓòÉΓòÉΓòÉΓòÉΓòÉΓòÉΓòÉΓòÉΓòÉΓòÉΓòÉΓòÉΓòÉΓòÉΓòÉΓòÉΓòÉΓòÉΓòÉΓòÉΓòÉΓòÉΓòÉΓòÉΓòÉΓòÉΓòÉΓòÉΓòÉΓòÉΓòÉ

  Runtime Status: Γ£à READY
  Boot Phase: ready
  Duration: 19ms

  DISCOVERED:
    ΓÇó Modules: 7
    ΓÇó Objects: 0
    ΓÇó APIs: 7
    ΓÇó Workflows: 7
    ΓÇó Automations: 7
    ΓÇó AI Agents: 1
    ΓöÇΓöÇΓöÇΓöÇΓöÇΓöÇΓöÇΓöÇΓöÇΓöÇΓöÇΓöÇΓöÇΓöÇΓöÇ
    Total: 44

  REGISTERED:
    ΓÇó Modules: 7
    ΓÇó Objects: 0
    ΓÇó APIs: 7
    ΓÇó Workflows: 7
    ΓÇó Automations: 7
    ΓÇó AI Agents: 1
    ΓöÇΓöÇΓöÇΓöÇΓöÇΓöÇΓöÇΓöÇΓöÇΓöÇΓöÇΓöÇΓöÇΓöÇΓöÇ
    Total: 29

  DEPENDENCIES:
    ΓÇó Resolved: 0
    ΓÇó Failed: 11

  ERRORS & WARNINGS:
    ΓÇó Errors: 0
    ΓÇó Warnings: 0

ΓòÉΓòÉΓòÉΓòÉΓòÉΓòÉΓòÉΓòÉΓòÉΓòÉΓòÉΓòÉΓòÉΓòÉΓòÉΓòÉΓòÉΓòÉΓòÉΓòÉΓòÉΓòÉΓòÉΓòÉΓòÉΓòÉΓòÉΓòÉΓòÉΓòÉΓòÉΓòÉΓòÉΓòÉΓòÉΓòÉΓòÉΓòÉΓòÉΓòÉΓòÉΓòÉΓòÉΓòÉΓòÉΓòÉΓòÉΓòÉΓòÉΓòÉΓòÉΓòÉΓòÉΓòÉΓòÉΓòÉΓòÉΓòÉΓòÉΓòÉΓòÉΓòÉΓòÉΓòÉΓòÉΓòÉΓòÉΓòÉ


ΓòöΓòÉΓòÉΓòÉΓòÉΓòÉΓòÉΓòÉΓòÉΓòÉΓòÉΓòÉΓòÉΓòÉΓòÉΓòÉΓòÉΓòÉΓòÉΓòÉΓòÉΓòÉΓòÉΓòÉΓòÉΓòÉΓòÉΓòÉΓòÉΓòÉΓòÉΓòÉΓòÉΓòÉΓòÉΓòÉΓòÉΓòÉΓòÉΓòÉΓòÉΓòÉΓòÉΓòÉΓòÉΓòÉΓòÉΓòÉΓòÉΓòÉΓòÉΓòÉΓòÉΓòù
Γòæ        GENESIS AUTOMATED TEST FRAMEWORK            Γòæ
Γòæ           Verification & Quality Assurance         Γòæ
ΓòÜΓòÉΓòÉΓòÉΓòÉΓòÉΓòÉΓòÉΓòÉΓòÉΓòÉΓòÉΓòÉΓòÉΓòÉΓòÉΓòÉΓòÉΓòÉΓòÉΓòÉΓòÉΓòÉΓòÉΓòÉΓòÉΓòÉΓòÉΓòÉΓòÉΓòÉΓòÉΓòÉΓòÉΓòÉΓòÉΓòÉΓòÉΓòÉΓòÉΓòÉΓòÉΓòÉΓòÉΓòÉΓòÉΓòÉΓòÉΓòÉΓòÉΓòÉΓòÉΓòÉΓò¥

[32mΓ£ô AI Orchestrator Tests[0m
  Test Genesis AI Orchestrator Kernel v1
  [32mΓ£ô[0m AgentCapability initializes (`2ms)
  [32mΓ£ô[0m AgentCapability validation works (`0ms)
  [32mΓ£ô[0m AgentCapability serialization (`0ms)
  [32mΓ£ô[0m AgentTool initializes (`0ms)
  [32mΓ£ô[0m AgentTool validation works (`0ms)
  [32mΓ£ô[0m AgentTool parameter tracking (`0ms)
  [32mΓ£ô[0m AgentContext initializes (`1ms)
  [32mΓ£ô[0m AgentContext status transitions (`0ms)
  [32mΓ£ô[0m AgentContext access control (`0ms)
  [32mΓ£ô[0m AgentRequest initializes (`0ms)
  [32mΓ£ô[0m AgentRequest validation (`0ms)
  [32mΓ£ô[0m AgentRequest status lifecycle (`0ms)
  [32mΓ£ô[0m AgentPlan initializes and builds stages (`0ms)
  [32mΓ£ô[0m AgentPlan tool sequence and collaboration (`1ms)
  [32mΓ£ô[0m AgentExecution initializes (`0ms)
  [32mΓ£ô[0m AgentExecution records tool calls (`0ms)
  [32mΓ£ô[0m AgentExecution error and warning tracking (`0ms)
  [32mΓ£ô[0m AgentResponse initializes (`0ms)
  [32mΓ£ô[0m AgentResponse approval workflow (`0ms)
  [32mΓ£ô[0m Agent initializes with capabilities (`0ms)
  [32mΓ£ô[0m Agent tools and permissions (`0ms)
  [32mΓ£ô[0m Agent status management (`0ms)
  [32mΓ£ô[0m AIOrchestrator initializes (`0ms)
  [32mΓ£ô[0m AIOrchestrator agent registration and requests (`0ms)
  [32mΓ£ô[0m AIOrchestratorKernel initializes (`0ms)
  [32mΓ£ô[0m AIOrchestratorKernel registers agents (`0ms)
  [32mΓ£ô[0m AIOrchestratorKernel agent selection (`1ms)
  [32mΓ£ô[0m Orchestration creates execution plans (`0ms)
  [32mΓ£ô[0m Execution plan tool sequencing (`0ms)
  [32mΓ£ô[0m Plan collaboration tracking (`0ms)
  [32mΓ£ô[0m AIOrchestratorKernel executes agents (`0ms)
  [32mΓ£ô[0m Execution merges results correctly (`1ms)
  [32mΓ£ô[0m AIOrchestratorKernel generates responses (`0ms)
  [32mΓ£ô[0m Response includes recommendations (`0ms)
  [32mΓ£ô[0m AIOrchestratorKernel orchestrates end-to-end (`0ms)
  [32mΓ£ô[0m Multi-agent response merging (`1ms)
  [32mΓ£ô[0m Orchestration produces explanation (`0ms)
  [32mΓ£ô[0m Orchestration execution history (`0ms)
  [32mΓ£ô[0m Orchestrator handles invalid requests (`0ms)
  [32mΓ£ô[0m Agent execution tracks errors (`0ms)
  [32mΓ£ô[0m Orchestration collects warnings (`0ms)
  [32mΓ£ô[0m Orchestrator provides summary metrics (`1ms)
  [32mΓ£ô[0m Metrics track completions and history (`0ms)
  43/43 passed

[32mΓ£ô API Gateway Tests[0m
  Genesis API Gateway v1
  [32mΓ£ô[0m Gateway initializes successfully (`4ms)
  [32mΓ£ô[0m Route definition validates (`0ms)
  [32mΓ£ô[0m Route with invalid method fails validation (`0ms)
  [32mΓ£ô[0m Route path matching works (`0ms)
  [32mΓ£ô[0m Route path parameter extraction works (`0ms)
  [32mΓ£ô[0m Gateway finds matching route (`3ms)
  [32mΓ£ô[0m Request context created successfully (`0ms)
  [32mΓ£ô[0m Request context authentication check works (`0ms)
  [32mΓ£ô[0m Request context role checking works (`0ms)
  [32mΓ£ô[0m API Gateway response created successfully (`0ms)
  [32mΓ£ô[0m Response status transitions work (`15ms)
  [32mΓ£ô[0m Dry-run response marks correctly (`17ms)
  [32mΓ£ô[0m Middleware registration works (`0ms)
  [32mΓ£ô[0m Middleware ordering is maintained (`0ms)
  [32mΓ£ô[0m Route request validation fails without route (`7ms)
  [32mΓ£ô[0m Actor permission check works (`0ms)
  [32mΓ£ô[0m Dry-run route request works (`3ms)
  [32mΓ£ô[0m Gateway statistics track requests (`3ms)
  [32mΓ£ô[0m Response history is maintained (`4ms)
  [32mΓ£ô[0m List routes with filters works (`8ms)
  20/20 passed

[32mΓ£ô Application Compiler Tests[0m
  Genesis Application Compiler v1
  [32mΓ£ô[0m Application Blueprint initializes (`1ms)
  [32mΓ£ô[0m Blueprint validates successfully (`0ms)
  [32mΓ£ô[0m Blueprint validation catches missing fields (`0ms)
  [32mΓ£ô[0m Application Module validates (`0ms)
  [32mΓ£ô[0m Module with missing name fails validation (`0ms)
  [32mΓ£ô[0m Application Permission validates (`0ms)
  [32mΓ£ô[0m Application Theme validates colors (`0ms)
  [32mΓ£ô[0m Theme validation catches invalid colors (`0ms)
  [32mΓ£ô[0m Application Setting validates (`0ms)
  [32mΓ£ô[0m Setting validation catches type mismatch (`0ms)
  [32mΓ£ô[0m Blueprint can aggregate modules (`0ms)
  [32mΓ£ô[0m Blueprint aggregates APIs from modules (`0ms)
  [32mΓ£ô[0m Blueprint status transitions work (`0ms)
  [32mΓ£ô[0m Application Manifest initializes (`0ms)
  [32mΓ£ô[0m Manifest validation works (`0ms)
  [32mΓ£ô[0m Application Compiler initializes (`0ms)
  [32mΓ£ô[0m Compiler discovers modules (`1ms)
  [32mΓ£ô[0m Blueprint getSummary provides statistics (`0ms)
  [32mΓ£ô[0m Manifest toJSON serializes correctly (`0ms)
  [32mΓ£ô[0m Compiler getResults provides complete information (`24ms)
  20/20 passed

[32mΓ£ô Automation Engine Tests[0m
  Genesis Automation Engine v1
  [32mΓ£ô[0m Engine initializes successfully (`0ms)
  [32mΓ£ô[0m Automation contract validates (`1ms)
  [32mΓ£ô[0m Automation trigger matches event (`0ms)
  [32mΓ£ô[0m Automation condition evaluates (`0ms)
  [32mΓ£ô[0m Automation action validates (`0ms)
  [32mΓ£ô[0m Automation context stores results (`0ms)
  [32mΓ£ô[0m Automation execution tracks lifecycle (`0ms)
  [32mΓ£ô[0m Automation engine registers automation (`1ms)
  [32mΓ£ô[0m Automation engine lists automations (`1ms)
  [32mΓ£ô[0m Execute automation with dry-run (`1ms)
  [32mΓ£ô[0m Execute automation with actions (`1ms)
  [32mΓ£ô[0m Automation validates metadata (`1ms)
  [32mΓ£ô[0m Trigger by event finds matching automations (`0ms)
  [32mΓ£ô[0m Trigger by lifecycle transition (`1ms)
  [32mΓ£ô[0m Manual trigger executes automation (`0ms)
  [32mΓ£ô[0m Execution result tracks status (`0ms)
  [32mΓ£ô[0m Engine tracks execution history (`1ms)
  [32mΓ£ô[0m Engine statistics track executions (`0ms)
  [32mΓ£ô[0m Disabled automations are skipped (`1ms)
  [32mΓ£ô[0m Action execution collects results (`0ms)
  20/20 passed

[32mΓ£ô Command Bus[0m
  Genesis Command Bus v1
  [32mΓ£ô[0m Bus initializes successfully (`1ms)
  [32mΓ£ô[0m Create command executes (`49ms)
  [32mΓ£ô[0m Update command executes (`31ms)
  [32mΓ£ô[0m Delete command executes (`77ms)
  [32mΓ£ô[0m Restore command executes (`30ms)
  [32mΓ£ô[0m Archive command executes (`15ms)
  [32mΓ£ô[0m Lifecycle transition command executes (`47ms)
  [32mΓ£ô[0m Workflow start command executes (`46ms)
  [32mΓ£ô[0m Dry-run marks status as dryRun (`1ms)
  [32mΓ£ô[0m Invalid commandType fails validation (`0ms)
  [32mΓ£ô[0m Non-object payload fails validation (`1ms)
  [32mΓ£ô[0m Bus tracks command history (`110ms)
  [32mΓ£ô[0m Get command by ID returns command (`94ms)
  [32mΓ£ô[0m Statistics track command counts (`93ms)
  [32mΓ£ô[0m Soft delete command executes (`62ms)
  [32mΓ£ô[0m Automation trigger command executes (`109ms)
  [32mΓ£ô[0m AI agent invoke command executes (`109ms)
  [32mΓ£ô[0m Command result marks state changes (`0ms)
  18/18 passed

[32mΓ£ô Compiler[0m
  Verify compiler modules
  [32mΓ£ô[0m compilePlan function exists (`0ms)
  [32mΓ£ô[0m createCompilationContext function exists (`0ms)
  [32mΓ£ô[0m Compiler modules directory exists (`1ms)
  [32mΓ£ô[0m GenerationCompiler.mjs exists (`0ms)
  [32mΓ£ô[0m CompilationContext.mjs exists (`0ms)
  5/5 passed

[32mΓ£ô Decision Engine Tests[0m
  Test Genesis Enterprise Decision Engine v1
  [32mΓ£ô[0m DecisionCriteria initializes (`0ms)
  [32mΓ£ô[0m DecisionCriteria validation works (`0ms)
  [32mΓ£ô[0m DecisionCriteria weight validation (`0ms)
  [32mΓ£ô[0m DecisionConstraint initializes (`0ms)
  [32mΓ£ô[0m DecisionConstraint validation works (`0ms)
  [32mΓ£ô[0m DecisionConstraint satisfaction check (`0ms)
  [32mΓ£ô[0m DecisionOption initializes (`0ms)
  [32mΓ£ô[0m DecisionOption get all metrics (`0ms)
  [32mΓ£ô[0m DecisionOption mark selected (`0ms)
  [32mΓ£ô[0m DecisionOption mark rejected (`0ms)
  [32mΓ£ô[0m DecisionScore initializes (`0ms)
  [32mΓ£ô[0m DecisionScore record criteria score (`0ms)
  [32mΓ£ô[0m DecisionScore constraint violations (`0ms)
  [32mΓ£ô[0m DecisionExplanation initializes (`0ms)
  [32mΓ£ô[0m DecisionExplanation add rationale (`0ms)
  [32mΓ£ô[0m DecisionExplanation add tradeoff (`1ms)
  [32mΓ£ô[0m DecisionRecommendation initializes (`0ms)
  [32mΓ£ô[0m DecisionRecommendation mark approved (`0ms)
  [32mΓ£ô[0m DecisionContext initializes (`0ms)
  [32mΓ£ô[0m DecisionContext validation works (`0ms)
  [32mΓ£ô[0m DecisionContext mark active (`0ms)
  [32mΓ£ô[0m EnterpriseDecision initializes (`0ms)
  [32mΓ£ô[0m EnterpriseDecision mark validated (`0ms)
  [32mΓ£ô[0m EnterpriseDecision mark decided (`0ms)
  [32mΓ£ô[0m EnterpriseDecision mark approved (`0ms)
  [32mΓ£ô[0m DecisionEngine initializes (`0ms)
  [32mΓ£ô[0m DecisionEngine execute decision (`4ms)
  [32mΓ£ô[0m DecisionEngine evaluates options (`2ms)
  [32mΓ£ô[0m DecisionEngine ranks alternatives (`2ms)
  [32mΓ£ô[0m DecisionEngine generates explanation (`2ms)
  [32mΓ£ô[0m DecisionEngine creates recommendation (`1ms)
  [32mΓ£ô[0m DecisionEngine score normalization (`0ms)
  [32mΓ£ô[0m DecisionEngine constraint evaluation (`0ms)
  [32mΓ£ô[0m DecisionEngine multiple criteria (`3ms)
  [32mΓ£ô[0m DecisionEngine multiple constraints (`3ms)
  [32mΓ£ô[0m DecisionEngine end-to-end with custom criteria (`2ms)
  [32mΓ£ô[0m DecisionEngine option comparison (`2ms)
  [32mΓ£ô[0m DecisionEngine explanation completeness (`2ms)
  [32mΓ£ô[0m DecisionEngine recommendation completeness (`2ms)
  [32mΓ£ô[0m DecisionEngine artifact persistence (`2ms)
  40/40 passed

[32mΓ£ô Doctor[0m
  Verify system health and dependencies
  [32mΓ£ô[0m Doctor command is callable (`0ms)
  [32mΓ£ô[0m Genesis tools directory exists (`0ms)
  [32mΓ£ô[0m Compiler directory exists (`0ms)
  [32mΓ£ô[0m Definitions directory exists (`0ms)
  [32mΓ£ô[0m Meta model directory exists (`0ms)
  5/5 passed

[32mΓ£ô Enterprise Twin Tests[0m
  Test Genesis Enterprise Digital Twin v1
  [32mΓ£ô[0m TwinNode initializes (`0ms)
  [32mΓ£ô[0m TwinNode validation works (`0ms)
  [32mΓ£ô[0m TwinNode metrics update (`0ms)
  [32mΓ£ô[0m TwinNode health management (`0ms)
  [32mΓ£ô[0m TwinNode access tracking works (`0ms)
  [32mΓ£ô[0m TwinNode error recording works (`0ms)
  [32mΓ£ô[0m TwinRelationship initializes (`0ms)
  [32mΓ£ô[0m TwinRelationship validation works (`0ms)
  [32mΓ£ô[0m OrganizationNode initializes (`0ms)
  [32mΓ£ô[0m ApplicationNode initializes (`0ms)
  [32mΓ£ô[0m ModuleNode initializes (`0ms)
  [32mΓ£ô[0m ObjectNode initializes (`0ms)
  [32mΓ£ô[0m WorkflowNode initializes (`0ms)
  [32mΓ£ô[0m AutomationNode initializes (`1ms)
  [32mΓ£ô[0m AIAgentNode initializes (`0ms)
  [32mΓ£ô[0m RuntimeComponentNode initializes (`0ms)
  [32mΓ£ô[0m EnterpriseTwinGraph initializes (`0ms)
  [32mΓ£ô[0m Graph add node works (`0ms)
  [32mΓ£ô[0m Graph add relationship works (`0ms)
  [32mΓ£ô[0m Graph get nodes by type works (`0ms)
  [32mΓ£ô[0m Graph get related nodes works (`0ms)
  [32mΓ£ô[0m Graph statistics update (`0ms)
  [32mΓ£ô[0m Graph status determination works (`0ms)
  [32mΓ£ô[0m Graph validation works (`0ms)
  [32mΓ£ô[0m Graph health report generated (`0ms)
  [32mΓ£ô[0m EnterpriseTwinBlueprint initializes (`0ms)
  [32mΓ£ô[0m Blueprint graph initialization (`0ms)
  [32mΓ£ô[0m Blueprint status transitions work (`0ms)
  [32mΓ£ô[0m EnterpriseTwinBuilder initializes (`0ms)
  [32mΓ£ô[0m TwinBuilder blueprint initialization (`1ms)
  30/30 passed

[32mΓ£ô Event Bus Tests[0m
  [32mΓ£ô[0m Event Bus initializes successfully (`0ms)
  [32mΓ£ô[0m Publish commandExecuted event (`1ms)
  [32mΓ£ô[0m Publish lifecycleStateChanged event (`0ms)
  [32mΓ£ô[0m Publish workflowStarted event (`1ms)
  [32mΓ£ô[0m Subscribe to event type (`1ms)
  [32mΓ£ô[0m Subscribe to event type with aggregate filter (`0ms)
  [32mΓ£ô[0m Unsubscribe from event (`1ms)
  [32mΓ£ô[0m Validate event format (`0ms)
  [32mΓ£ô[0m Reject invalid event type (`0ms)
  [32mΓ£ô[0m Reject event with missing required fields (`1ms)
  [32mΓ£ô[0m Publish event with dry-run mode (`1ms)
  [32mΓ£ô[0m Handler receives notification on publish (`0ms)
  [32mΓ£ô[0m List all active subscriptions (`1ms)
  [32mΓ£ô[0m List all event definitions (`0ms)
  [32mΓ£ô[0m Get event history (`1ms)
  [32mΓ£ô[0m Filter event history by event type (`0ms)
  [32mΓ£ô[0m Get event bus statistics (`1ms)
  [32mΓ£ô[0m Event correlation and causation chain (`0ms)
  [32mΓ£ô[0m Multiple subscribers to same event type (`1ms)
  [32mΓ£ô[0m Reject event with non-object payload (`0ms)
  20/20 passed

[31mΓ£ù Evolution Engine Tests[0m
  Test Genesis Enterprise Evolution Engine v1
  [32mΓ£ô[0m EvolutionObservation contract validation (`0ms)
  [32mΓ£ô[0m EvolutionCandidate contract validation (`0ms)
  [32mΓ£ô[0m EvolutionImpact contract validation (`0ms)
  [32mΓ£ô[0m EvolutionConfidence contract validation (`0ms)
  [32mΓ£ô[0m EvolutionProposal contract validation (`0ms)
  [32mΓ£ô[0m EvolutionRecommendation contract validation (`0ms)
  [32mΓ£ô[0m EvolutionResult contract validation (`0ms)
  [32mΓ£ô[0m EvolutionObservation status transitions (`0ms)
  [32mΓ£ô[0m EvolutionCandidate status transitions (`0ms)
  [32mΓ£ô[0m EvolutionProposal status transitions (`0ms)
  [32mΓ£ô[0m EvolutionObservation serialization (`0ms)
  [32mΓ£ô[0m EvolutionCandidate serialization (`0ms)
  [32mΓ£ô[0m EvolutionProposal serialization (`1ms)
  [32mΓ£ô[0m Evolution Engine initializes (`0ms)
  [32mΓ£ô[0m Engine captures observations (`1ms)
  [32mΓ£ô[0m Engine identifies candidates (`1ms)
  [32mΓ£ô[0m Engine assesses impacts (`0ms)
  [32mΓ£ô[0m Engine generates proposals (`2ms)
  [32mΓ£ô[0m Engine creates recommendation (`1ms)
  [32mΓ£ô[0m Full evolution pipeline executes (`2ms)
  [32mΓ£ô[0m Pipeline produces all components (`2ms)
  [32mΓ£ô[0m Pipeline generates summary (`1ms)
  [32mΓ£ô[0m All evolution domains supported (`0ms)
  [32mΓ£ô[0m Observations span all domains (`1ms)
  [32mΓ£ô[0m Candidates assigned to appropriate domains (`0ms)
  [32mΓ£ô[0m Proposals ranked by priority and ROI (`2ms)
  [32mΓ£ô[0m Recommendation prioritizes high-impact proposals (`2ms)
  [31mΓ£ù[0m Impact covers all categories
     Error: No impact categories
  [32mΓ£ô[0m Impact values are positive improvements (`0ms)
  [32mΓ£ô[0m Confidence scores are valid (`1ms)
  [31mΓ£ù[0m Invalid observation throws error
     Error: EvolutionObservation requires domain
  [31mΓ£ù[0m Invalid candidate throws error
     Error: EvolutionCandidate requires name
  [31mΓ£ù[0m Invalid proposal throws error
     Error: EvolutionProposal requires impacts
  [31mΓ£ù[0m Invalid recommendation throws error
     Error: EvolutionRecommendation requires proposals
  [32mΓ£ô[0m Evolution result serializes correctly (`1ms)
  [32mΓ£ô[0m Engine metrics tracking accurate (`1ms)
  [32mΓ£ô[0m Affected entities identified for candidates (`0ms)
  [32mΓ£ô[0m Prerequisites defined for implementation (`0ms)
  [32mΓ£ô[0m Risks identified for candidates (`0ms)
  [32mΓ£ô[0m Dependencies mapped for candidates (`0ms)
  35/40 passed

[32mΓ£ô Execution Engine[0m
  Runtime Execution Engine v1
  [32mΓ£ô[0m Execution engine initializes (`1ms)
  [32mΓ£ô[0m Execution request validates format (`0ms)
  [32mΓ£ô[0m Execution request rejects invalid type (`0ms)
  [32mΓ£ô[0m Execution request requires target (`0ms)
  [32mΓ£ô[0m Execution response tracks status (`0ms)
  [32mΓ£ô[0m Validator loads runtime manifest (`1ms)
  [32mΓ£ô[0m Validator validates command execution (`0ms)
  [32mΓ£ô[0m Validator validates workflow execution (`0ms)
  [32mΓ£ô[0m Validator validates automation execution (`1ms)
  [32mΓ£ô[0m Validator validates event emission (`1ms)
  [32mΓ£ô[0m Validator validates lifecycle transition (`0ms)
  [32mΓ£ô[0m Validator rejects invalid lifecycle transition (`0ms)
  [32mΓ£ô[0m Engine executes command with dry-run (`1ms)
  [32mΓ£ô[0m Engine executes query (`1ms)
  [32mΓ£ô[0m Engine tracks execution history (`0ms)
  [32mΓ£ô[0m Engine retrieves execution by ID (`1ms)
  [32mΓ£ô[0m Engine returns execution statistics (`1ms)
  [32mΓ£ô[0m Engine handles validation errors (`0ms)
  [32mΓ£ô[0m Engine supports all execution types (`1ms)
  [32mΓ£ô[0m Execution response marks timing correctly (`0ms)
  20/20 passed

[32mΓ£ô Identity Compiler Tests[0m
  Test Genesis Identity & Tenant Platform v1 compilation
  [32mΓ£ô[0m Permission initializes (`0ms)
  [32mΓ£ô[0m Permission validation works (`0ms)
  [32mΓ£ô[0m PermissionSet initializes (`0ms)
  [32mΓ£ô[0m PermissionSet validation works (`0ms)
  [32mΓ£ô[0m Role initializes (`1ms)
  [32mΓ£ô[0m Role hierarchy works (`0ms)
  [32mΓ£ô[0m Role management permissions work (`0ms)
  [32mΓ£ô[0m Team initializes (`0ms)
  [32mΓ£ô[0m Team member management works (`0ms)
  [32mΓ£ô[0m User initializes (`0ms)
  [32mΓ£ô[0m User validation works (`0ms)
  [32mΓ£ô[0m User role management works (`0ms)
  [32mΓ£ô[0m SecurityContext initializes (`0ms)
  [32mΓ£ô[0m SecurityContext permissions work (`0ms)
  [32mΓ£ô[0m OrganizationBlueprint initializes (`0ms)
  [32mΓ£ô[0m OrganizationBlueprint validation works (`0ms)
  [32mΓ£ô[0m OrganizationBlueprint status transitions work (`0ms)
  [32mΓ£ô[0m TenantBlueprint initializes (`1ms)
  [32mΓ£ô[0m TenantBlueprint status transitions work (`0ms)
  [32mΓ£ô[0m IdentityBlueprint initializes (`0ms)
  [32mΓ£ô[0m IdentityBlueprint tenant management works (`0ms)
  [32mΓ£ô[0m IdentityBlueprint respects tenant limit (`0ms)
  [32mΓ£ô[0m IdentityCompiler initializes (`0ms)
  [32mΓ£ô[0m IdentityCompiler creates default roles (`0ms)
  [32mΓ£ô[0m IdentityCompiler creates organization (`0ms)
  [32mΓ£ô[0m IdentityCompiler adds users (`0ms)
  [32mΓ£ô[0m IdentityCompiler creates tenant (`0ms)
  [32mΓ£ô[0m IdentityCompiler validates blueprints (`0ms)
  [32mΓ£ô[0m IdentityCompiler assembles identity blueprint (`1ms)
  [32mΓ£ô[0m IdentityCompiler getResults works (`0ms)
  30/30 passed

[32mΓ£ô Knowledge Graph Compiler Tests[0m
  Test Genesis Enterprise Knowledge Graph Compiler v1
  [32mΓ£ô[0m IndustryBlueprint validation (`0ms)
  [32mΓ£ô[0m DomainBlueprint validation (`0ms)
  [32mΓ£ô[0m CapabilityBlueprint validation (`0ms)
  [32mΓ£ô[0m ProcessBlueprint validation (`0ms)
  [32mΓ£ô[0m ConceptBlueprint validation (`0ms)
  [32mΓ£ô[0m TerminologyBlueprint validation (`0ms)
  [32mΓ£ô[0m RegulationBlueprint validation (`0ms)
  [32mΓ£ô[0m RelationshipEdge validation (`0ms)
  [32mΓ£ô[0m Industry loading (`0ms)
  [32mΓ£ô[0m Domain loading (`0ms)
  [32mΓ£ô[0m Capability loading (`0ms)
  [32mΓ£ô[0m Process loading (`0ms)
  [32mΓ£ô[0m Terminology loading (`0ms)
  [32mΓ£ô[0m Regulation loading (`1ms)
  [32mΓ£ô[0m Knowledge graph index creation (`0ms)
  [32mΓ£ô[0m Index asset add and retrieve (`0ms)
  [32mΓ£ô[0m Index filtering by type (`0ms)
  [32mΓ£ô[0m Index statistics (`0ms)
  [32mΓ£ô[0m Status lifecycle transitions (`0ms)
  [32mΓ£ô[0m Industry serialization to JSON (`0ms)
  [32mΓ£ô[0m Domain serialization to JSON (`0ms)
  [32mΓ£ô[0m Relationship graph building (`0ms)
  [32mΓ£ô[0m Relationship serialization (`0ms)
  [32mΓ£ô[0m Full knowledge graph compilation (`1ms)
  [32mΓ£ô[0m Compilation has all components (`0ms)
  [32mΓ£ô[0m Compilation metrics tracked (`1ms)
  [32mΓ£ô[0m Compilation result serialization (`0ms)
  [32mΓ£ô[0m Compiler provides summary (`0ms)
  [32mΓ£ô[0m Asset validation (`0ms)
  [32mΓ£ô[0m Invalid blueprint throws error (`0ms)
  [32mΓ£ô[0m Valid blueprints pass validation (`0ms)
  [32mΓ£ô[0m Reference resolution in graph (`1ms)
  32/32 passed

[31mΓ£ù Learning Engine Tests[0m
  Test Genesis Enterprise Learning Engine v1
  [32mΓ£ô[0m LearningObservation contract validation (`0ms)
  [32mΓ£ô[0m LearningSignal contract validation (`0ms)
  [32mΓ£ô[0m LearningMetric contract validation (`0ms)
  [32mΓ£ô[0m LearningPattern contract validation (`0ms)
  [32mΓ£ô[0m LearningHypothesis contract validation (`0ms)
  [32mΓ£ô[0m LearningInsight contract validation (`0ms)
  [32mΓ£ô[0m LearningRecommendation contract validation (`0ms)
  [32mΓ£ô[0m LearningSnapshot contract validation (`0ms)
  [32mΓ£ô[0m Observation status lifecycle (`0ms)
  [32mΓ£ô[0m Signal status lifecycle (`0ms)
  [32mΓ£ô[0m Hypothesis status transitions (`0ms)
  [32mΓ£ô[0m Observation serializes to JSON (`0ms)
  [32mΓ£ô[0m Metric serializes to JSON (`0ms)
  [32mΓ£ô[0m Insight serializes to JSON (`0ms)
  [32mΓ£ô[0m Learning Engine initializes (`0ms)
  [32mΓ£ô[0m Engine captures observations (`1ms)
  [32mΓ£ô[0m Engine detects signals (`0ms)
  [32mΓ£ô[0m Engine collects metrics (`0ms)
  [32mΓ£ô[0m Engine identifies patterns (`1ms)
  [32mΓ£ô[0m Engine generates hypotheses (`0ms)
  [32mΓ£ô[0m Engine creates insights (`1ms)
  [32mΓ£ô[0m Engine generates recommendations (`1ms)
  [32mΓ£ô[0m Engine builds comparisons (`0ms)
  [32mΓ£ô[0m Full learning pipeline executes (`2ms)
  [32mΓ£ô[0m Pipeline produces all components (`1ms)
  [32mΓ£ô[0m Pipeline generates summary (`1ms)
  [32mΓ£ô[0m Pipeline persists artifacts (`5ms)
  [32mΓ£ô[0m All learning domains supported (`0ms)
  [32mΓ£ô[0m Observations span all domains (`0ms)
  [32mΓ£ô[0m Insights span all domains (`1ms)
  [32mΓ£ô[0m Planned vs Actual comparison generated (`1ms)
  [32mΓ£ô[0m Simulated vs Actual comparison generated (`1ms)
  [32mΓ£ô[0m Predicted vs Actual comparison generated (`0ms)
  [32mΓ£ô[0m Decision vs Outcome comparison generated (`3ms)
  [31mΓ£ù[0m Invalid observation throws error
     Error: LearningObservation requires domain
  [31mΓ£ù[0m Invalid signal throws error
     Error: LearningSignal requires type
  [31mΓ£ù[0m Invalid metric throws error
     Error: LearningMetric requires name
  [31mΓ£ù[0m Confidence bounds enforced
     Error: Should have thrown
  34/38 passed

[32mΓ£ô Meta Model[0m
  Verify meta model definitions
  [32mΓ£ô[0m Meta model directory exists (`0ms)
  [32mΓ£ô[0m Entity.meta.yaml exists (`1ms)
  [32mΓ£ô[0m Field.meta.yaml exists (`0ms)
  [32mΓ£ô[0m Relationship.meta.yaml exists (`0ms)
  [32mΓ£ô[0m Capability.meta.yaml exists (`0ms)
  [32mΓ£ô[0m Lifecycle.meta.yaml exists (`0ms)
  [32mΓ£ô[0m Permission.meta.yaml exists (`0ms)
  [32mΓ£ô[0m Event.meta.yaml exists (`0ms)
  [32mΓ£ô[0m Audit.meta.yaml exists (`0ms)
  [32mΓ£ô[0m Automation.meta.yaml exists (`0ms)
  [32mΓ£ô[0m Search.meta.yaml exists (`0ms)
  [32mΓ£ô[0m Analytics.meta.yaml exists (`0ms)
  [32mΓ£ô[0m AI.meta.yaml exists (`0ms)
  [32mΓ£ô[0m Meta model README exists (`0ms)
  [32mΓ£ô[0m Entity.meta.yaml has content (`0ms)
  [32mΓ£ô[0m Field.meta.yaml has content (`1ms)
  [32mΓ£ô[0m All meta files have content (`3ms)
  [32mΓ£ô[0m ADR-0011 exists (`0ms)
  18/18 passed

[32mΓ£ô Package Compiler Tests[0m
  Genesis Package System v1
  [32mΓ£ô[0m Package Blueprint initializes (`0ms)
  [32mΓ£ô[0m Package Blueprint validates semantic versioning (`0ms)
  [32mΓ£ô[0m Package Blueprint validation succeeds (`0ms)
  [32mΓ£ô[0m Package Blueprint validation catches missing name (`1ms)
  [32mΓ£ô[0m Package Dependency validates (`0ms)
  [32mΓ£ô[0m Package Dependency version matching works (`0ms)
  [32mΓ£ô[0m Package Export validates (`0ms)
  [32mΓ£ô[0m Package Export rejects invalid type (`0ms)
  [32mΓ£ô[0m Runtime Requirement validates (`0ms)
  [32mΓ£ô[0m Package Compatibility validates (`0ms)
  [32mΓ£ô[0m Package Compatibility checks platform support (`0ms)
  [32mΓ£ô[0m Package Manifest initializes (`0ms)
  [32mΓ£ô[0m Package Manifest validation works (`0ms)
  [32mΓ£ô[0m Package Manifest installation tracking (`0ms)
  [32mΓ£ô[0m Package Blueprint checksum generation (`0ms)
  [32mΓ£ô[0m Package Blueprint summary (`0ms)
  [32mΓ£ô[0m Package Compiler initializes (`0ms)
  [32mΓ£ô[0m Package Blueprint status transitions (`0ms)
  [32mΓ£ô[0m Package Manifest serialization (`0ms)
  [32mΓ£ô[0m Package Compiler getResults (`1ms)
  20/20 passed

[32mΓ£ô Pass Pipeline[0m
  Verify compiler pass architecture
  [32mΓ£ô[0m CompilerContext initializes (`0ms)
  [32mΓ£ô[0m PassRegistry initializes (`0ms)
  [32mΓ£ô[0m All 8 passes register (`0ms)
  [32mΓ£ô[0m Passes register in order (`0ms)
  [32mΓ£ô[0m Pipeline executes passes (`0ms)
  [32mΓ£ô[0m Pass lookup is O(1) (`0ms)
  [32mΓ£ô[0m Duplicate pass detection works (`0ms)
  7/7 passed

[32mΓ£ô Planner[0m
  Verify planner modules
  [32mΓ£ô[0m planEntity function exists (`0ms)
  [32mΓ£ô[0m createGenerationPlan function exists (`0ms)
  [32mΓ£ô[0m Planner directory exists (`1ms)
  [32mΓ£ô[0m GenerationPlanner.mjs exists (`0ms)
  [32mΓ£ô[0m GenerationPlan.mjs exists (`0ms)
  5/5 passed

[32mΓ£ô Planning Engine Tests[0m
  Test Genesis Enterprise Planning Engine v1
  [32mΓ£ô[0m PlanningGoal initializes (`0ms)
  [32mΓ£ô[0m PlanningGoal validation works (`0ms)
  [32mΓ£ô[0m PlanningGoal mark active (`0ms)
  [32mΓ£ô[0m PlanningConstraint initializes (`0ms)
  [32mΓ£ô[0m PlanningConstraint validation works (`0ms)
  [32mΓ£ô[0m PlanningConstraint mark violated (`0ms)
  [32mΓ£ô[0m PlanningAction initializes (`0ms)
  [32mΓ£ô[0m PlanningAction validation works (`0ms)
  [32mΓ£ô[0m PlanningAction dependencies (`0ms)
  [32mΓ£ô[0m PlanningAction mark scheduled (`0ms)
  [32mΓ£ô[0m PlanningRecommendation initializes (`0ms)
  [32mΓ£ô[0m PlanningRecommendation validation works (`0ms)
  [32mΓ£ô[0m PlanningRecommendation mark approved (`0ms)
  [32mΓ£ô[0m PlanningRecommendation actions (`0ms)
  [32mΓ£ô[0m PlanningContext initializes (`0ms)
  [32mΓ£ô[0m PlanningContext validation works (`0ms)
  [32mΓ£ô[0m PlanningContext mark active (`0ms)
  [32mΓ£ô[0m PlanningContext constraints (`0ms)
  [32mΓ£ô[0m PlanningResult initializes (`0ms)
  [32mΓ£ô[0m PlanningResult record action (`0ms)
  [32mΓ£ô[0m PlanningResult record recommendation (`0ms)
  [32mΓ£ô[0m PlanningResult alternative plans (`0ms)
  [32mΓ£ô[0m PlanningResult finalize (`1ms)
  [32mΓ£ô[0m EnterprisePlan initializes (`0ms)
  [32mΓ£ô[0m EnterprisePlan validation works (`0ms)
  [32mΓ£ô[0m EnterprisePlan mark validated (`0ms)
  [32mΓ£ô[0m EnterprisePlan mark approved (`0ms)
  [32mΓ£ô[0m EnterprisePlan mark executing (`0ms)
  [32mΓ£ô[0m PlanningEngine initializes (`0ms)
  [32mΓ£ô[0m PlanningEngine execute planning (`2ms)
  [32mΓ£ô[0m PlanningEngine generates actions (`2ms)
  [32mΓ£ô[0m PlanningEngine generates recommendations (`1ms)
  [32mΓ£ô[0m PlanningEngine generates alternatives (`1ms)
  [32mΓ£ô[0m PlanningEngine calculate confidence (`2ms)
  [32mΓ£ô[0m PlanningEngine calculate dependencies (`1ms)
  [32mΓ£ô[0m PlanningEngine multiple domains (`5ms)
  [32mΓ£ô[0m Planning end-to-end with goals and constraints (`1ms)
  [32mΓ£ô[0m Planning result metrics (`2ms)
  [32mΓ£ô[0m Planning domain-specific actions (`1ms)
  [32mΓ£ô[0m Planning artifact persistence (`1ms)
  40/40 passed

[32mΓ£ô Promotion[0m
  Verify promotion modules
  [32mΓ£ô[0m promoteEntity function exists (`0ms)
  [32mΓ£ô[0m createPromotionContext function exists (`0ms)
  [32mΓ£ô[0m Promotion directory exists (`0ms)
  [32mΓ£ô[0m PromotionEngine.mjs exists (`0ms)
  4/4 passed

[32mΓ£ô Query Bus[0m
  Genesis Query Bus v1
  [32mΓ£ô[0m Bus initializes successfully (`1ms)
  [32mΓ£ô[0m Get by ID query validates (`0ms)
  [32mΓ£ô[0m Get by ID query executes (`33ms)
  [32mΓ£ô[0m List query executes (`63ms)
  [32mΓ£ô[0m Search query executes (`61ms)
  [32mΓ£ô[0m Relationships query executes (`46ms)
  [32mΓ£ô[0m Status query executes (`15ms)
  [32mΓ£ô[0m Module lookup query executes (`62ms)
  [32mΓ£ô[0m Metadata lookup query executes (`78ms)
  [32mΓ£ô[0m Query result is always read-only (`31ms)
  [32mΓ£ô[0m Missing queryType fails validation (`0ms)
  [32mΓ£ô[0m Invalid queryType fails validation (`0ms)
  [32mΓ£ô[0m GetById without aggregateId fails (`0ms)
  [32mΓ£ô[0m Bus tracks query history (`124ms)
  [32mΓ£ô[0m Get query by ID returns query (`79ms)
  [32mΓ£ô[0m Statistics track query counts (`139ms)
  [32mΓ£ô[0m Query result tracks items returned (`78ms)
  [32mΓ£ô[0m Query with criteria executes (`31ms)
  [32mΓ£ô[0m Invalid criteria fails validation (`1ms)
  [32mΓ£ô[0m Query result tracks execution time (`0ms)
  20/20 passed

[32mΓ£ô Registry[0m
  Verify registry modules
  [32mΓ£ô[0m DefinitionRegistry class exists (`0ms)
  [32mΓ£ô[0m loadDefinitionsFromRoots function exists (`0ms)
  [32mΓ£ô[0m Registry directory exists (`0ms)
  [32mΓ£ô[0m DefinitionRegistry.mjs exists (`0ms)
  [32mΓ£ô[0m Definitions directory exists (`0ms)
  [32mΓ£ô[0m Customer definition file exists (`1ms)
  [32mΓ£ô[0m DefinitionLoader.mjs exists (`0ms)
  7/7 passed

[32mΓ£ô Runtime Boot[0m
  Genesis Runtime Boot v1 Pipeline
  [32mΓ£ô[0m Boot manifest exists (`0ms)
  [32mΓ£ô[0m Boot pipeline initializes (`1ms)
  [32mΓ£ô[0m Boot pipeline discovers modules (`29ms)
  [32mΓ£ô[0m Boot pipeline discovers APIs (`20ms)
  [32mΓ£ô[0m Boot pipeline discovers workflows (`20ms)
  [32mΓ£ô[0m Boot pipeline discovers automations (`20ms)
  [32mΓ£ô[0m Boot pipeline discovers AI agents (`20ms)
  [32mΓ£ô[0m Boot pipeline registers modules (`19ms)
  [32mΓ£ô[0m Boot pipeline registers APIs (`20ms)
  [32mΓ£ô[0m Boot pipeline registers workflows (`25ms)
  [32mΓ£ô[0m Boot pipeline registers automations (`21ms)
  [32mΓ£ô[0m Boot pipeline registers AI agents (`26ms)
  [32mΓ£ô[0m Boot pipeline completes all 12 stages (`36ms)
  [32mΓ£ô[0m Boot pipeline reaches READY state (`23ms)
  [32mΓ£ô[0m Boot discovers total expected items (`27ms)
  [32mΓ£ô[0m Boot resolves dependencies (`20ms)
  [32mΓ£ô[0m Boot completes without critical errors (`19ms)
  17/17 passed

[32mΓ£ô Runtime Diagnostics[0m
  Runtime component inspection and diagnostics
  [32mΓ£ô[0m Runtime manifest exists (`1ms)
  [32mΓ£ô[0m Runtime status is readable (`0ms)
  [32mΓ£ô[0m Runtime reports READY state (`0ms)
  [32mΓ£ô[0m Runtime reports registered modules (`0ms)
  [32mΓ£ô[0m Runtime reports registered APIs (`0ms)
  [32mΓ£ô[0m Runtime reports registered workflows (`0ms)
  [32mΓ£ô[0m Runtime reports registered automations (`1ms)
  [32mΓ£ô[0m Runtime reports registered AI agents (`0ms)
  [32mΓ£ô[0m Runtime reports dependency health (`1ms)
  [32mΓ£ô[0m Runtime reports manifest validation status (`0ms)
  [32mΓ£ô[0m Runtime reports boot timing (`1ms)
  [32mΓ£ô[0m Runtime reports discovered items total (`0ms)
  [32mΓ£ô[0m Runtime reports registered items total (`0ms)
  [32mΓ£ô[0m Runtime diagnostics command is callable (`1ms)
  14/14 passed

[32mΓ£ô Simulation Engine Tests[0m
  Test Genesis Enterprise Simulation Engine v1
  [32mΓ£ô[0m SimulationScenario initializes (`0ms)
  [32mΓ£ô[0m SimulationScenario validation works (`0ms)
  [32mΓ£ô[0m SimulationScenario status transitions (`0ms)
  [32mΓ£ô[0m SimulationContext initializes (`0ms)
  [32mΓ£ô[0m SimulationContext validation works (`0ms)
  [32mΓ£ô[0m SimulationContext status management (`0ms)
  [32mΓ£ô[0m SimulationExecution initializes (`0ms)
  [32mΓ£ô[0m SimulationExecution step tracking (`0ms)
  [32mΓ£ô[0m SimulationExecution error recording (`0ms)
  [32mΓ£ô[0m SimulationExecution completion (`0ms)
  [32mΓ£ô[0m SimulationImpact initializes (`0ms)
  [32mΓ£ô[0m SimulationImpact affected nodes tracking (`0ms)
  [32mΓ£ô[0m SimulationImpact risk calculation (`0ms)
  [32mΓ£ô[0m SimulationResult initializes (`0ms)
  [32mΓ£ô[0m SimulationResult change recording (`0ms)
  [32mΓ£ô[0m SimulationResult finalization (`0ms)
  [32mΓ£ô[0m SimulationReport initializes (`0ms)
  [32mΓ£ô[0m SimulationReport affected entities tracking (`0ms)
  [32mΓ£ô[0m SimulationReport recommendations (`1ms)
  [32mΓ£ô[0m SimulationReport risk analysis (`0ms)
  [32mΓ£ô[0m SimulationBlueprint initializes (`0ms)
  [32mΓ£ô[0m SimulationBlueprint validation (`0ms)
  [32mΓ£ô[0m SimulationBlueprint status transitions (`0ms)
  [32mΓ£ô[0m SimulationEngine initializes (`0ms)
  [32mΓ£ô[0m SimulationEngine creates cloned twin (`0ms)
  [32mΓ£ô[0m SimulationEngine creates blueprint correctly (`0ms)
  [32mΓ£ô[0m SimulationEngine scenario creation (`0ms)
  [32mΓ£ô[0m SimulationEngine produces deterministic results (`0ms)
  [32mΓ£ô[0m SimulationEngine never touches production twin (`0ms)
  [32mΓ£ô[0m SimulationEngine analyzes impacts (`0ms)
  30/30 passed

[32mΓ£ô Solution Compiler Tests[0m
  Genesis Solution Compiler v1
  [32mΓ£ô[0m Solution Blueprint initializes (`0ms)
  [32mΓ£ô[0m Solution Blueprint validates successfully (`1ms)
  [32mΓ£ô[0m Solution Blueprint validation catches missing applications (`0ms)
  [32mΓ£ô[0m Solution Application validates (`0ms)
  [32mΓ£ô[0m Solution Application with missing name fails validation (`0ms)
  [32mΓ£ô[0m Shared Navigation validates (`0ms)
  [32mΓ£ô[0m Shared Navigation can merge structures (`0ms)
  [32mΓ£ô[0m Global Permission validates (`0ms)
  [32mΓ£ô[0m Global Permission validation catches missing actions (`0ms)
  [32mΓ£ô[0m Solution Branding validates colors (`0ms)
  [32mΓ£ô[0m Solution Branding validation catches invalid colors (`0ms)
  [32mΓ£ô[0m Solution Integration validates (`0ms)
  [32mΓ£ô[0m Solution Integration validation catches missing fields (`0ms)
  [32mΓ£ô[0m Blueprint aggregates applications (`0ms)
  [32mΓ£ô[0m Blueprint status transitions work (`0ms)
  [32mΓ£ô[0m Solution Manifest initializes (`0ms)
  [32mΓ£ô[0m Manifest validation works (`0ms)
  [32mΓ£ô[0m Solution Compiler initializes (`0ms)
  [32mΓ£ô[0m Blueprint getSummary provides statistics (`0ms)
  [32mΓ£ô[0m Manifest toJSON serializes correctly (`1ms)
  20/20 passed

[32mΓ£ô Templates[0m
  Verify template modules
  [32mΓ£ô[0m renderEntityTemplate function exists (`0ms)
  [32mΓ£ô[0m Template directory exists (`0ms)
  [32mΓ£ô[0m TemplateRenderer.mjs exists (`0ms)
  [32mΓ£ô[0m Template files exist (`0ms)
  [32mΓ£ô[0m Template renderer has token replacement (`0ms)
  5/5 passed

[32mΓ£ô Validation[0m
  Verify validator modules
  [32mΓ£ô[0m validateGeneratedSlice function exists (`0ms)
  [32mΓ£ô[0m createGeneratedSliceReport function exists (`0ms)
  [32mΓ£ô[0m Validator directory exists (`0ms)
  [32mΓ£ô[0m GeneratedSliceValidator.mjs exists (`0ms)
  [32mΓ£ô[0m GeneratedSliceReport.mjs exists (`0ms)
  5/5 passed

ΓòÉΓòÉΓòÉΓòÉΓòÉΓòÉΓòÉΓòÉΓòÉΓòÉΓòÉΓòÉΓòÉΓòÉΓòÉΓòÉΓòÉΓòÉΓòÉΓòÉΓòÉΓòÉΓòÉΓòÉΓòÉΓòÉΓòÉΓòÉΓòÉΓòÉΓòÉΓòÉΓòÉΓòÉΓòÉΓòÉΓòÉΓòÉΓòÉΓòÉΓòÉΓòÉΓòÉΓòÉΓòÉΓòÉΓòÉΓòÉΓòÉΓòÉΓòÉ

≡ƒôè TEST SUMMARY

  Test Suites: 29
  Total Tests: 593
  [31mPassed: 584[0m
  [31mFailed: 9[0m
  Duration: 2305ms

[31mΓ£ù SOME TESTS FAILED[0m

ΓòÉΓòÉΓòÉΓòÉΓòÉΓòÉΓòÉΓòÉΓòÉΓòÉΓòÉΓòÉΓòÉΓòÉΓòÉΓòÉΓòÉΓòÉΓòÉΓòÉΓòÉΓòÉΓòÉΓòÉΓòÉΓòÉΓòÉΓòÉΓòÉΓòÉΓòÉΓòÉΓòÉΓòÉΓòÉΓòÉΓòÉΓòÉΓòÉΓòÉΓòÉΓòÉΓòÉΓòÉΓòÉΓòÉΓòÉΓòÉΓòÉΓòÉΓòÉ

